<html>
<body>
<pre>
<h1>µVision Build Log</h1>
<h2>Tool Versions:</h2>
IDE-Version: ¦ÌVision V5.40.0.0
Copyright (C) 2024 ARM Ltd and ARM Germany GmbH. All rights reserved.
License Information: 123 123, 123, LIC=TIVNB-2BIIP-30CNC-7MHYK-JACN6-XVDQ9
 
Tool Versions:
Toolchain:       MDK-ARM Plus  Version: 5.40.0.3
Toolchain Path:  D:\industrial software\keilv5\ARM\ARMCLANG\Bin
C Compiler:      ArmClang.exe V6.22
Assembler:       Armasm.exe V6.22
Linker/Locator:  ArmLink.exe V6.22
Library Manager: ArmAr.exe V6.22
Hex Converter:   FromElf.exe V6.22
CPU DLL:         SARMCM3.DLL V5.40.0.3
Dialog DLL:      DCM.DLL V1.17.5.0
Target DLL:      CMSIS_AGDI.dll V1.33.18.0
Dialog DLL:      TCM.DLL V1.56.4.0
 
<h2>Project:</h2>
C:\Users\w2054\Desktop\stm32_project\G474VET6\Electric-race-microcontroller-training\example\Uart_TX_Rx\MDK-ARM\Uart_Tx_Rx.uvprojx
Project File Date:  09/26/2024

<h2>Output:</h2>
*** Using Compiler 'V6.22', folder: 'D:\industrial software\keilv5\ARM\ARMCLANG\Bin'
Build target 'Uart_Tx_Rx'
../Core/Src/main.c(106): warning: passing 'uint8_t[32]' (aka 'unsigned char[32]') to parameter of type 'char *' converts between pointers to integer types where one is of the unique plain 'char' type and the other is not [-Wpointer-sign]
  106 |         sprintf(txbuffer,"adc:%d\n",adcValue);
      |                 ^~~~~~~~
D:\industrial software\keilv5\ARM\ARMCLANG\bin\..\include\stdio.h(417): note: passing argument to parameter here
  417 | extern _ARMABI int sprintf(char * __restrict /*s*/, const char * __restrict /*format*/, ...) __attribute__((__nonnull__(1,2)));
      |                                                   ^
../Core/Src/main.c(107): warning: passing 'uint8_t[32]' (aka 'unsigned char[32]') to parameter of type 'const char *' converts between pointers to integer types where one is of the unique plain 'char' type and the other is not [-Wpointer-sign]
  107 |         HAL_UART_Transmit(&huart1,txbuffer,strlen(txbuffer),10);
      |                                                   ^~~~~~~~
D:\industrial software\keilv5\ARM\ARMCLANG\bin\..\include\string.h(335): note: passing argument to parameter here
  335 | extern _ARMABI size_t strlen(const char * /*s*/) __attribute__((__nonnull__(1)));
      |                                                ^
../Core/Src/main.c(117): warning: passing 'uint8_t[32]' (aka 'unsigned char[32]') to parameter of type 'char *' converts between pointers to integer types where one is of the unique plain 'char' type and the other is not [-Wpointer-sign]
  117 |                 sprintf(TX,"system start\n");
      |                         ^~
D:\industrial software\keilv5\ARM\ARMCLANG\bin\..\include\stdio.h(417): note: passing argument to parameter here
  417 | extern _ARMABI int sprintf(char * __restrict /*s*/, const char * __restrict /*format*/, ...) __attribute__((__nonnull__(1,2)));
      |                                                   ^
../Core/Src/main.c(118): warning: passing 'uint8_t[32]' (aka 'unsigned char[32]') to parameter of type 'const char *' converts between pointers to integer types where one is of the unique plain 'char' type and the other is not [-Wpointer-sign]
  118 |                 HAL_UART_Transmit_DMA(&huart1,TX,strlen(TX));
      |                                                         ^~
D:\industrial software\keilv5\ARM\ARMCLANG\bin\..\include\string.h(335): note: passing argument to parameter here
  335 | extern _ARMABI size_t strlen(const char * /*s*/) __attribute__((__nonnull__(1)));
      |                                                ^
4 warnings generated.
compiling main.c...
linking...
Program Size: Code=14918 RO-data=586 RW-data=12 ZI-data=4780  
FromELF: creating hex file...
"Uart_Tx_Rx\Uart_Tx_Rx.axf" - 0 Error(s), 4 Warning(s).

<h2>Software Packages used:</h2>

Package Vendor: ARM
                https://www.keil.com/pack/ARM.CMSIS.6.1.0.pack
                ARM::CMSIS@6.1.0
                CMSIS (Common Microcontroller Software Interface Standard)
   * Component: CORE Version: 6.1.0

Package Vendor: Keil
                https://www.keil.com/pack/Keil.STM32G4xx_DFP.1.6.0.pack
                Keil::STM32G4xx_DFP@1.6.0
                STMicroelectronics STM32G4 Series Device Support, Drivers and Examples

<h2>Collection of Component include folders:</h2>
  ./RTE/_Uart_Tx_Rx
  D:/industrial software/Keil_v5/ARM/CMSIS/6.1.0/CMSIS/Core/Include
  D:/industrial software/Keil_v5/Keil/STM32G4xx_DFP/1.6.0/Drivers/CMSIS/Device/ST/STM32G4xx/Include

<h2>Collection of Component Files used:</h2>

   * Component: ARM::CMSIS:CORE@6.1.0
      Include file:  CMSIS/Core/Include/tz_context.h
Build Time Elapsed:  00:00:01
</pre>
</body>
</html>
