Component: Arm Compiler for Embedded 6.22 Tool: armlink [5ee90200]

==============================================================================

Section Cross References

    startup_stm32g474xx.o(RESET) refers to startup_stm32g474xx.o(STACK) for __initial_sp
    startup_stm32g474xx.o(RESET) refers to startup_stm32g474xx.o(.text) for Reset_Handler
    startup_stm32g474xx.o(RESET) refers to stm32g4xx_it.o(.text.NMI_Handler) for NMI_Handler
    startup_stm32g474xx.o(RESET) refers to stm32g4xx_it.o(.text.HardFault_Handler) for HardFault_Handler
    startup_stm32g474xx.o(RESET) refers to stm32g4xx_it.o(.text.MemManage_Handler) for MemManage_Handler
    startup_stm32g474xx.o(RESET) refers to stm32g4xx_it.o(.text.BusFault_Handler) for BusFault_Handler
    startup_stm32g474xx.o(RESET) refers to stm32g4xx_it.o(.text.UsageFault_Handler) for UsageFault_Handler
    startup_stm32g474xx.o(RESET) refers to stm32g4xx_it.o(.text.SVC_Handler) for SVC_Handler
    startup_stm32g474xx.o(RESET) refers to stm32g4xx_it.o(.text.DebugMon_Handler) for DebugMon_Handler
    startup_stm32g474xx.o(RESET) refers to stm32g4xx_it.o(.text.PendSV_Handler) for PendSV_Handler
    startup_stm32g474xx.o(RESET) refers to stm32g4xx_it.o(.text.SysTick_Handler) for SysTick_Handler
    startup_stm32g474xx.o(RESET) refers to stm32g4xx_it.o(.text.DMA1_Channel1_IRQHandler) for DMA1_Channel1_IRQHandler
    startup_stm32g474xx.o(RESET) refers to stm32g4xx_it.o(.text.DMA1_Channel2_IRQHandler) for DMA1_Channel2_IRQHandler
    startup_stm32g474xx.o(RESET) refers to stm32g4xx_it.o(.text.DMA1_Channel3_IRQHandler) for DMA1_Channel3_IRQHandler
    startup_stm32g474xx.o(RESET) refers to stm32g4xx_it.o(.text.USB_LP_IRQHandler) for USB_LP_IRQHandler
    startup_stm32g474xx.o(RESET) refers to stm32g4xx_it.o(.text.USART1_IRQHandler) for USART1_IRQHandler
    startup_stm32g474xx.o(RESET) refers to stm32g4xx_it.o(.text.TIM6_DAC_IRQHandler) for TIM6_DAC_IRQHandler
    startup_stm32g474xx.o(RESET) refers to stm32g4xx_it.o(.text.TIM7_DAC_IRQHandler) for TIM7_DAC_IRQHandler
    startup_stm32g474xx.o(.text) refers to system_stm32g4xx.o(.text.SystemInit) for SystemInit
    startup_stm32g474xx.o(.text) refers to entry.o(.ARM.Collect$$$$00000000) for __main
    main.o(.text.main) refers to stm32g4xx_hal.o(.text.HAL_Init) for HAL_Init
    main.o(.text.main) refers to memseta.o(.text) for __aeabi_memclr4
    main.o(.text.main) refers to stm32g4xx_hal_pwr_ex.o(.text.HAL_PWREx_ControlVoltageScaling) for HAL_PWREx_ControlVoltageScaling
    main.o(.text.main) refers to stm32g4xx_hal_rcc.o(.text.HAL_RCC_OscConfig) for HAL_RCC_OscConfig
    main.o(.text.main) refers to stm32g4xx_hal_rcc.o(.text.HAL_RCC_ClockConfig) for HAL_RCC_ClockConfig
    main.o(.text.main) refers to gpio.o(.text.MX_GPIO_Init) for MX_GPIO_Init
    main.o(.text.main) refers to dma.o(.text.MX_DMA_Init) for MX_DMA_Init
    main.o(.text.main) refers to usart.o(.text.MX_USART1_UART_Init) for MX_USART1_UART_Init
    main.o(.text.main) refers to tim.o(.text.MX_TIM7_Init) for MX_TIM7_Init
    main.o(.text.main) refers to main.o(.data.uart1) for uart1
    main.o(.text.main) refers to myuart.o(.text.Uart_Send_DMA) for Uart_Send_DMA
    main.o(.text.main) refers to main.o(.rodata.Sin_Noise) for Sin_Noise
    main.o(.text.main) refers to filter.o(.text.arm_fir_f32_lp) for arm_fir_f32_lp
    main.o(.text.main) refers to filter.o(.bss.testOutput) for testOutput
    main.o(.text.main) refers to f2d.o(.text) for __aeabi_f2d
    main.o(.text.main) refers to fft.o(.text.FFT_Start) for FFT_Start
    main.o(.text.main) refers to fft.o(.bss.fft_outputbuf) for fft_outputbuf
    main.o(.text.main) refers to stm32g4xx_hal_gpio.o(.text.HAL_GPIO_WritePin) for HAL_GPIO_WritePin
    main.o(.text.main) refers to stm32g4xx_hal.o(.text.HAL_Delay) for HAL_Delay
    main.o(.ARM.exidx.text.main) refers to main.o(.text.main) for [Anonymous Symbol]
    main.o(.text.SystemClock_Config) refers to memseta.o(.text) for __aeabi_memclr4
    main.o(.text.SystemClock_Config) refers to stm32g4xx_hal_pwr_ex.o(.text.HAL_PWREx_ControlVoltageScaling) for HAL_PWREx_ControlVoltageScaling
    main.o(.text.SystemClock_Config) refers to stm32g4xx_hal_rcc.o(.text.HAL_RCC_OscConfig) for HAL_RCC_OscConfig
    main.o(.text.SystemClock_Config) refers to stm32g4xx_hal_rcc.o(.text.HAL_RCC_ClockConfig) for HAL_RCC_ClockConfig
    main.o(.ARM.exidx.text.SystemClock_Config) refers to main.o(.text.SystemClock_Config) for [Anonymous Symbol]
    main.o(.ARM.exidx.text.Error_Handler) refers to main.o(.text.Error_Handler) for [Anonymous Symbol]
    main.o(.text.Key_Process) refers to key.o(.text.Key_Read) for Key_Read
    main.o(.text.Key_Process) refers to main.o(.data.uart1) for uart1
    main.o(.text.Key_Process) refers to myuart.o(.text.Uart_Send_DMA) for Uart_Send_DMA
    main.o(.ARM.exidx.text.Key_Process) refers to main.o(.text.Key_Process) for [Anonymous Symbol]
    main.o(.text.HAL_TIM_PeriodElapsedCallback) refers to stm32g4xx_hal.o(.text.HAL_IncTick) for HAL_IncTick
[...]
    [Anonymous Symbol]                       0x08000958   Section        0  stm32g4xx_hal_dma.o(.text.HAL_DMA_IRQHandler)
    [Anonymous Symbol]                       0x080009f4   Section        0  stm32g4xx_hal_dma.o(.text.HAL_DMA_Init)
    [Anonymous Symbol]                       0x08000b18   Section        0  stm32g4xx_hal_dma.o(.text.HAL_DMA_Start_IT)
    [Anonymous Symbol]                       0x08000bfc   Section        0  stm32g4xx_hal.o(.text.HAL_Delay)
    [Anonymous Symbol]                       0x08000c24   Section        0  stm32g4xx_hal_gpio.o(.text.HAL_GPIO_Init)
    [Anonymous Symbol]                       0x08000dc4   Section        0  stm32g4xx_hal_gpio.o(.text.HAL_GPIO_ReadPin)
    [Anonymous Symbol]                       0x08000dd0   Section        0  stm32g4xx_hal_gpio.o(.text.HAL_GPIO_WritePin)
    [Anonymous Symbol]                       0x08000ddc   Section        0  stm32g4xx_hal.o(.text.HAL_GetTick)
    [Anonymous Symbol]                       0x08000de8   Section        0  stm32g4xx_hal.o(.text.HAL_IncTick)
    [Anonymous Symbol]                       0x08000e04   Section        0  stm32g4xx_hal.o(.text.HAL_Init)
    [Anonymous Symbol]                       0x08000e24   Section        0  stm32g4xx_hal_timebase_tim.o(.text.HAL_InitTick)
    [Anonymous Symbol]                       0x08000ecc   Section        0  stm32g4xx_hal_msp.o(.text.HAL_MspInit)
    [Anonymous Symbol]                       0x08000f10   Section        0  stm32g4xx_hal_cortex.o(.text.HAL_NVIC_EnableIRQ)
    [Anonymous Symbol]                       0x08000f34   Section        0  stm32g4xx_hal_cortex.o(.text.HAL_NVIC_SetPriority)
    [Anonymous Symbol]                       0x08000f8c   Section        0  stm32g4xx_hal_cortex.o(.text.HAL_NVIC_SetPriorityGrouping)
    [Anonymous Symbol]                       0x08000fac   Section        0  usbd_conf.o(.text.HAL_PCDEx_LPM_Callback)
    [Anonymous Symbol]                       0x08000ffc   Section        0  usbd_conf.o(.text.HAL_PCD_DataInStageCallback)
    [Anonymous Symbol]                       0x08001010   Section        0  usbd_conf.o(.text.HAL_PCD_DataOutStageCallback)
    [Anonymous Symbol]                       0x08001028   Section        0  stm32g4xx_hal_pcd.o(.text.HAL_PCD_EP_ClrStall)
    [Anonymous Symbol]                       0x0800108c   Section        0  stm32g4xx_hal_pcd.o(.text.HAL_PCD_EP_Open)
    [Anonymous Symbol]                       0x080010ec   Section        0  stm32g4xx_hal_pcd.o(.text.HAL_PCD_EP_Receive)
    [Anonymous Symbol]                       0x08001120   Section        0  stm32g4xx_hal_pcd.o(.text.HAL_PCD_EP_SetStall)
    [Anonymous Symbol]                       0x08001188   Section        0  stm32g4xx_hal_pcd.o(.text.HAL_PCD_EP_Transmit)
    [Anonymous Symbol]                       0x080011c0   Section        0  stm32g4xx_hal_pcd.o(.text.HAL_PCD_IRQHandler)
    [Anonymous Symbol]                       0x08001abc   Section        0  usbd_conf.o(.text.HAL_PCD_ResetCallback)
    [Anonymous Symbol]                       0x08001ae0   Section        0  usbd_conf.o(.text.HAL_PCD_ResumeCallback)
    [Anonymous Symbol]                       0x08001b08   Section        0  usbd_conf.o(.text.HAL_PCD_SOFCallback)
    [Anonymous Symbol]                       0x08001b10   Section        0  stm32g4xx_hal_pcd.o(.text.HAL_PCD_SetAddress)
    [Anonymous Symbol]                       0x08001b38   Section        0  usbd_conf.o(.text.HAL_PCD_SetupStageCallback)
    [Anonymous Symbol]                       0x08001b48   Section        0  usbd_conf.o(.text.HAL_PCD_SuspendCallback)
    [Anonymous Symbol]                       0x08001b70   Section        0  stm32g4xx_hal_pwr_ex.o(.text.HAL_PWREx_ControlVoltageScaling)
    [Anonymous Symbol]                       0x08001c64   Section        0  stm32g4xx_hal_pwr_ex.o(.text.HAL_PWREx_DisableUCPDDeadBattery)
    [Anonymous Symbol]                       0x08001c78   Section        0  stm32g4xx_hal_rcc_ex.o(.text.HAL_RCCEx_PeriphCLKConfig)
    [Anonymous Symbol]                       0x08001fa0   Section        0  stm32g4xx_hal_rcc.o(.text.HAL_RCC_ClockConfig)
    [Anonymous Symbol]                       0x080022b4   Section        0  stm32g4xx_hal_rcc.o(.text.HAL_RCC_GetClockConfig)
    [Anonymous Symbol]                       0x080022f8   Section        0  stm32g4xx_hal_rcc.o(.text.HAL_RCC_GetPCLK1Freq)
    [Anonymous Symbol]                       0x08002324   Section        0  stm32g4xx_hal_rcc.o(.text.HAL_RCC_GetPCLK2Freq)
    [Anonymous Symbol]                       0x08002350   Section        0  stm32g4xx_hal_rcc.o(.text.HAL_RCC_GetSysClockFreq)
    [Anonymous Symbol]                       0x080023d4   Section        0  stm32g4xx_hal_rcc.o(.text.HAL_RCC_OscConfig)
    [Anonymous Symbol]                       0x08002858   Section        0  stm32g4xx_hal.o(.text.HAL_SYSCFG_DisableVREFBUF)
    [Anonymous Symbol]                       0x08002868   Section        0  stm32g4xx_hal.o(.text.HAL_SYSCFG_VREFBUF_HighImpedanceConfig)
    [Anonymous Symbol]                       0x0800287c   Section        0  stm32g4xx_hal_tim_ex.o(.text.HAL_TIMEx_Break2Callback)
    [Anonymous Symbol]                       0x08002880   Section        0  stm32g4xx_hal_tim_ex.o(.text.HAL_TIMEx_BreakCallback)
    [Anonymous Symbol]                       0x08002884   Section        0  stm32g4xx_hal_tim_ex.o(.text.HAL_TIMEx_CommutCallback)
    [Anonymous Symbol]                       0x08002888   Section        0  stm32g4xx_hal_tim_ex.o(.text.HAL_TIMEx_DirectionChangeCallback)
    [Anonymous Symbol]                       0x0800288c   Section        0  stm32g4xx_hal_tim_ex.o(.text.HAL_TIMEx_EncoderIndexCallback)
    [Anonymous Symbol]                       0x08002890   Section        0  stm32g4xx_hal_tim_ex.o(.text.HAL_TIMEx_IndexErrorCallback)
    [Anonymous Symbol]                       0x08002894   Section        0  stm32g4xx_hal_tim_ex.o(.text.HAL_TIMEx_MasterConfigSynchronization)
    [Anonymous Symbol]                       0x08002974   Section        0  stm32g4xx_hal_tim_ex.o(.text.HAL_TIMEx_TransitionErrorCallback)
    [Anonymous Symbol]                       0x08002978   Section        0  stm32g4xx_hal_tim.o(.text.HAL_TIM_Base_Init)
    [Anonymous Symbol]                       0x080029dc   Section        0  tim.o(.text.HAL_TIM_Base_MspInit)
    [Anonymous Symbol]                       0x08002a20   Section        0  stm32g4xx_hal_tim.o(.text.HAL_TIM_Base_Start_IT)
    [Anonymous Symbol]                       0x08002ad8   Section        0  stm32g4xx_hal_tim.o(.text.HAL_TIM_IC_CaptureCallback)
    [Anonymous Symbol]                       0x08002adc   Section        0  stm32g4xx_hal_tim.o(.text.HAL_TIM_IRQHandler)
    [Anonymous Symbol]                       0x08002ca4   Section        0  stm32g4xx_hal_tim.o(.text.HAL_TIM_OC_DelayElapsedCallback)
    [Anonymous Symbol]                       0x08002ca8   Section        0  stm32g4xx_hal_tim.o(.text.HAL_TIM_PWM_PulseFinishedCallback)
    [Anonymous Symbol]                       0x08002cac   Section        0  main.o(.text.HAL_TIM_PeriodElapsedCallback)
    [Anonymous Symbol]                       0x08002cd0   Section        0  stm32g4xx_hal_tim.o(.text.HAL_TIM_TriggerCallback)
    [Anonymous Symbol]                       0x08002cd4   Section        0  stm32g4xx_hal_uart_ex.o(.text.HAL_UARTEx_DisableFifoMode)
    [Anonymous Symbol]                       0x08002d0c   Section        0  stm32g4xx_hal_uart.o(.text.HAL_UARTEx_RxEventCallback)
    [Anonymous Symbol]                       0x08002d10   Section        0  stm32g4xx_hal_uart_ex.o(.text.HAL_UARTEx_RxFifoFullCallback)
    [Anonymous Symbol]                       0x08002d14   Section        0  stm32g4xx_hal_uart_ex.o(.text.HAL_UARTEx_SetRxFifoThreshold)
    [Anonymous Symbol]                       0x08002da8   Section        0  stm32g4xx_hal_uart_ex.o(.text.HAL_UARTEx_SetTxFifoThreshold)
    [Anonymous Symbol]                       0x08002e3c   Section        0  stm32g4xx_hal_uart_ex.o(.text.HAL_UARTEx_TxFifoEmptyCallback)
    [Anonymous Symbol]                       0x08002e40   Section        0  stm32g4xx_hal_uart_ex.o(.text.HAL_UARTEx_WakeupCallback)
    [Anonymous Symbol]                       0x08002e44   Section        0  stm32g4xx_hal_uart.o(.text.HAL_UART_ErrorCallback)
    [Anonymous Symbol]                       0x08002e48   Section        0  stm32g4xx_hal_uart.o(.text.HAL_UART_IRQHandler)
    [Anonymous Symbol]                       0x080031f8   Section        0  stm32g4xx_hal_uart.o(.text.HAL_UART_Init)
    [Anonymous Symbol]                       0x0800325c   Section        0  usart.o(.text.HAL_UART_MspInit)
    [Anonymous Symbol]                       0x08003368   Section        0  stm32g4xx_hal_uart.o(.text.HAL_UART_Transmit_DMA)
    [Anonymous Symbol]                       0x08003414   Section        0  stm32g4xx_hal_uart.o(.text.HAL_UART_TxCpltCallback)
    [Anonymous Symbol]                       0x08003418   Section        0  stm32g4xx_hal_uart.o(.text.HAL_UART_TxHalfCpltCallback)
    [Anonymous Symbol]                       0x0800341c   Section        0  stm32g4xx_it.o(.text.HardFault_Handler)
    [Anonymous Symbol]                       0x08003420   Section        0  main.o(.text.Key_Process)
    [Anonymous Symbol]                       0x080034d8   Section        0  key.o(.text.Key_Read)
    [Anonymous Symbol]                       0x08003584   Section        0  dma.o(.text.MX_DMA_Init)
    [Anonymous Symbol]                       0x080035ec   Section        0  gpio.o(.text.MX_GPIO_Init)
    [Anonymous Symbol]                       0x080036fc   Section        0  tim.o(.text.MX_TIM7_Init)
    [Anonymous Symbol]                       0x08003750   Section        0  usart.o(.text.MX_USART1_UART_Init)
    [Anonymous Symbol]                       0x080037d4   Section        0  stm32g4xx_it.o(.text.MemManage_Handler)
    [Anonymous Symbol]                       0x080037d8   Section        0  stm32g4xx_it.o(.text.NMI_Handler)
    [Anonymous Symbol]                       0x080037dc   Section        0  stm32g4xx_it.o(.text.PendSV_Handler)
    [Anonymous Symbol]                       0x080037e0   Section        0  stm32g4xx_it.o(.text.SVC_Handler)
    [Anonymous Symbol]                       0x080037e4   Section        0  stm32g4xx_it.o(.text.SysTick_Handler)
    [Anonymous Symbol]                       0x080037e8   Section        0  main.o(.text.SystemClock_Config)
    [Anonymous Symbol]                       0x08003864   Section        0  system_stm32g4xx.o(.text.SystemInit)
    [Anonymous Symbol]                       0x08003878   Section        0  stm32g4xx_it.o(.text.TIM6_DAC_IRQHandler)
    [Anonymous Symbol]                       0x08003884   Section        0  stm32g4xx_it.o(.text.TIM7_DAC_IRQHandler)
    [Anonymous Symbol]                       0x08003890   Section        0  stm32g4xx_hal_tim.o(.text.TIM_Base_SetConfig)
    [Anonymous Symbol]                       0x080039e0   Section        0  stm32g4xx_hal_uart.o(.text.UART_AdvFeatureConfig)
    [Anonymous Symbol]                       0x08003ac8   Section        0  stm32g4xx_hal_uart.o(.text.UART_CheckIdleState)
    UART_DMAAbortOnError                     0x08003b89   Thumb Code    16  stm32g4xx_hal_uart.o(.text.UART_DMAAbortOnError)
    [Anonymous Symbol]                       0x08003b88   Section        0  stm32g4xx_hal_uart.o(.text.UART_DMAAbortOnError)
    UART_DMAError                            0x08003b99   Thumb Code   200  stm32g4xx_hal_uart.o(.text.UART_DMAError)
    [Anonymous Symbol]                       0x08003b98   Section        0  stm32g4xx_hal_uart.o(.text.UART_DMAError)
    UART_DMATransmitCplt                     0x08003c61   Thumb Code    62  stm32g4xx_hal_uart.o(.text.UART_DMATransmitCplt)
    [Anonymous Symbol]                       0x08003c60   Section        0  stm32g4xx_hal_uart.o(.text.UART_DMATransmitCplt)
    UART_DMATxHalfCplt                       0x08003ca1   Thumb Code     6  stm32g4xx_hal_uart.o(.text.UART_DMATxHalfCplt)
    [Anonymous Symbol]                       0x08003ca0   Section        0  stm32g4xx_hal_uart.o(.text.UART_DMATxHalfCplt)
    [Anonymous Symbol]                       0x08003ca8   Section        0  stm32g4xx_hal_uart.o(.text.UART_SetConfig)
    [Anonymous Symbol]                       0x08003f68   Section        0  stm32g4xx_hal_uart.o(.text.UART_WaitOnFlagUntilTimeout)
    [Anonymous Symbol]                       0x080040a8   Section        0  stm32g4xx_it.o(.text.USART1_IRQHandler)
    [Anonymous Symbol]                       0x080040b4   Section        0  usbd_core.o(.text.USBD_ClrClassConfig)
    [Anonymous Symbol]                       0x080040c8   Section        0  usbd_ioreq.o(.text.USBD_CtlContinueRx)
    [Anonymous Symbol]                       0x080040d8   Section        0  usbd_ioreq.o(.text.USBD_CtlContinueSendData)
    [Anonymous Symbol]                       0x080040e8   Section        0  usbd_ioreq.o(.text.USBD_CtlReceiveStatus)
    [Anonymous Symbol]                       0x08004100   Section        0  usbd_ioreq.o(.text.USBD_CtlSendData)
    [Anonymous Symbol]                       0x0800411c   Section        0  usbd_ioreq.o(.text.USBD_CtlSendStatus)
    [Anonymous Symbol]                       0x08004134   Section        0  usbd_conf.o(.text.USBD_LL_ClearStallEP)
    [Anonymous Symbol]                       0x08004158   Section        0  usbd_core.o(.text.USBD_LL_DataInStage)
    [Anonymous Symbol]                       0x08004200   Section        0  usbd_core.o(.text.USBD_LL_DataOutStage)
    [Anonymous Symbol]                       0x08004264   Section        0  usbd_conf.o(.text.USBD_LL_IsStallEP)
    [Anonymous Symbol]                       0x08004290   Section        0  usbd_conf.o(.text.USBD_LL_OpenEP)
    [Anonymous Symbol]                       0x080042b8   Section        0  usbd_conf.o(.text.USBD_LL_PrepareReceive)
    [Anonymous Symbol]                       0x080042dc   Section        0  usbd_core.o(.text.USBD_LL_Reset)
    [Anonymous Symbol]                       0x08004340   Section        0  usbd_core.o(.text.USBD_LL_Resume)
    [Anonymous Symbol]                       0x08004354   Section        0  usbd_core.o(.text.USBD_LL_SOF)
    [Anonymous Symbol]                       0x08004378   Section        0  usbd_core.o(.text.USBD_LL_SetSpeed)
    [Anonymous Symbol]                       0x08004380   Section        0  usbd_conf.o(.text.USBD_LL_SetUSBAddress)
    [Anonymous Symbol]                       0x080043a4   Section        0  usbd_core.o(.text.USBD_LL_SetupStage)
    [Anonymous Symbol]                       0x08004404   Section        0  usbd_conf.o(.text.USBD_LL_StallEP)
    [Anonymous Symbol]                       0x08004428   Section        0  usbd_core.o(.text.USBD_LL_Suspend)
    [Anonymous Symbol]                       0x0800443c   Section        0  usbd_conf.o(.text.USBD_LL_Transmit)
    [Anonymous Symbol]                       0x08004460   Section        0  usbd_ctlreq.o(.text.USBD_ParseSetupRequest)
    [Anonymous Symbol]                       0x08004478   Section        0  usbd_core.o(.text.USBD_SetClassConfig)
    [Anonymous Symbol]                       0x08004488   Section        0  usbd_ctlreq.o(.text.USBD_StdDevReq)
    [Anonymous Symbol]                       0x080047dc   Section        0  usbd_ctlreq.o(.text.USBD_StdEPReq)
    [Anonymous Symbol]                       0x08004910   Section        0  usbd_ctlreq.o(.text.USBD_StdItfReq)
    [Anonymous Symbol]                       0x08004970   Section        0  stm32g4xx_ll_usb.o(.text.USB_ActivateEndpoint)
    [Anonymous Symbol]                       0x08004bc8   Section        0  stm32g4xx_ll_usb.o(.text.USB_EPClearStall)
    [Anonymous Symbol]                       0x08004c44   Section        0  stm32g4xx_ll_usb.o(.text.USB_EPSetStall)
    [Anonymous Symbol]                       0x08004c78   Section        0  stm32g4xx_ll_usb.o(.text.USB_EPStartXfer)
    [Anonymous Symbol]                       0x080051b4   Section        0  stm32g4xx_it.o(.text.USB_LP_IRQHandler)
    [Anonymous Symbol]                       0x080051c0   Section        0  stm32g4xx_ll_usb.o(.text.USB_ReadInterrupts)
    [Anonymous Symbol]                       0x080051c8   Section        0  stm32g4xx_ll_usb.o(.text.USB_ReadPMA)
    [Anonymous Symbol]                       0x080051f4   Section        0  stm32g4xx_ll_usb.o(.text.USB_SetDevAddress)
    [Anonymous Symbol]                       0x08005204   Section        0  stm32g4xx_ll_usb.o(.text.USB_WritePMA)
    [Anonymous Symbol]                       0x08005228   Section        0  myuart.o(.text.Uart_Send_DMA)
    [Anonymous Symbol]                       0x0800527c   Section        0  stm32g4xx_it.o(.text.UsageFault_Handler)
    [Anonymous Symbol]                       0x08005280   Section        0  transformfunctions.o(.text.arm_cfft_f32)
    [Anonymous Symbol]                       0x080053c4   Section        0  transformfunctions.o(.text.arm_cfft_radix8by2_f32)
    [Anonymous Symbol]                       0x08005560   Section        0  transformfunctions.o(.text.arm_cfft_radix8by4_f32)
    [Anonymous Symbol]                       0x08005a48   Section        0  complexmathfunctions.o(.text.arm_cmplx_mag_f32)
    [Anonymous Symbol]                       0x08005a7c   Section        0  filteringfunctions.o(.text.arm_fir_f32)
    [Anonymous Symbol]                       0x08005b1c   Section        0  filter.o(.text.arm_fir_f32_lp)
    [Anonymous Symbol]                       0x08005b8c   Section        0  filteringfunctions.o(.text.arm_fir_init_f32)
    [Anonymous Symbol]                       0x08005bac   Section        0  transformfunctions.o(.text.arm_radix8_butterfly_f32)
    __arm_cp.7_1                             0x08005bd0   Number         4  transformfunctions.o(.text.arm_radix8_butterfly_f32)
    [Anonymous Symbol]                       0x08006110   Section        0  main.o(.text.main)
    i.__0vsnprintf                           0x080062b8   Section        0  printfa.o(i.__0vsnprintf)
    i.__scatterload_copy                     0x080062ec   Section       14  handlers.o(i.__scatterload_copy)
    i.__scatterload_null                     0x080062fa   Section        2  handlers.o(i.__scatterload_null)
    i.__scatterload_zeroinit                 0x080062fc   Section       14  handlers.o(i.__scatterload_zeroinit)
    _fp_digits                               0x0800630d   Thumb Code   366  printfa.o(i._fp_digits)
    i._fp_digits                             0x0800630c   Section        0  printfa.o(i._fp_digits)
    _printf_core                             0x08006491   Thumb Code  1744  printfa.o(i._printf_core)
    i._printf_core                           0x08006490   Section        0  printfa.o(i._printf_core)
    _printf_post_padding                     0x08006b6d   Thumb Code    36  printfa.o(i._printf_post_padding)
    i._printf_post_padding                   0x08006b6c   Section        0  printfa.o(i._printf_post_padding)
    _printf_pre_padding                      0x08006b91   Thumb Code    46  printfa.o(i._printf_pre_padding)
    i._printf_pre_padding                    0x08006b90   Section        0  printfa.o(i._printf_pre_padding)
    _snputc                                  0x08006bbf   Thumb Code    22  printfa.o(i._snputc)
    i._snputc                                0x08006bbe   Section        0  printfa.o(i._snputc)
    .Lswitch.table.UART_SetConfig.5          0x0800cb94   Data          16  stm32g4xx_hal_uart.o(.rodata.cst16)
    UARTEx_SetNbDataToProcess.numerator      0x0800cba4   Data           8  stm32g4xx_hal_uart_ex.o(.rodata.cst8)
    [Anonymous Symbol]                       0x0800cba4   Section        0  stm32g4xx_hal_uart_ex.o(.rodata.cst8)
    UARTEx_SetNbDataToProcess.denominator    0x0800cbac   Data           8  stm32g4xx_hal_uart_ex.o(.rodata.cst8)
    Key_Read.KeyUp                           0x200000e0   Data           1  key.o(.bss.Key_Read.KeyUp)
    [Anonymous Symbol]                       0x200000e0   Section        0  key.o(.bss.Key_Read.KeyUp)
    Key_Read.count                           0x200000e2   Data           2  key.o(.bss.Key_Read.count)
    [Anonymous Symbol]                       0x200000e2   Section        0  key.o(.bss.Key_Read.count)
    Key_Read.number                          0x200000e4   Data           1  key.o(.bss.Key_Read.number)
    [Anonymous Symbol]                       0x200000e4   Section        0  key.o(.bss.Key_Read.number)
    USBD_SetConfig.cfgidx                    0x200000e5   Data           1  usbd_ctlreq.o(.bss.USBD_SetConfig.cfgidx)
    [Anonymous Symbol]                       0x200000e5   Section        0  usbd_ctlreq.o(.bss.USBD_SetConfig.cfgidx)
    fft_inputbuf                             0x200000e8   Data       32768  fft.o(.bss.fft_inputbuf)
    [Anonymous Symbol]                       0x200000e8   Section        0  fft.o(.bss.fft_inputbuf)
    firStatef32                              0x2000c0e8   Data         424  filter.o(.bss.firStatef32)
    [Anonymous Symbol]                       0x2000c0e8   Section        0  filter.o(.bss.firStatef32)
    STACK                                    0x200107c0   Section     4096  startup_stm32g474xx.o(STACK)

    Global Symbols

    Symbol Name                              Value     Ov Type        Size  Object(Section)

    BuildAttributes$$THM_ISAv4$E$P$D$K$B$S$7EM$VFPi3$EXTD16$VFPS$VFMA$PE$A:L22UL41UL21$X:L11$S22US41US21$IEEE1$IW$~IW$USESV6$~STKCKD$USESV7$~SHL$OTIME$ROPI$IEEEX$EBA8$MICROLIB$REQ8$PRES8$EABIv2 0x00000000   Number         0  anon$$obj.o ABSOLUTE
    __cpp_initialize__aeabi_                  - Undefined Weak Reference
    __cxa_finalize                            - Undefined Weak Reference
    __decompress                              - Undefined Weak Reference
    _clock_init                               - Undefined Weak Reference
    _microlib_exit                            - Undefined Weak Reference
    __Vectors_Size                           0x000001d8   Number         0  startup_stm32g474xx.o ABSOLUTE
    __Vectors                                0x08000000   Data           4  startup_stm32g474xx.o(RESET)
    __Vectors_End                            0x080001d8   Data           0  startup_stm32g474xx.o(RESET)
    __main                                   0x080001d9   Thumb Code     0  entry.o(.ARM.Collect$$$$00000000)
    _main_stk                                0x080001d9   Thumb Code     0  entry2.o(.ARM.Collect$$$$00000001)
    _main_scatterload                        0x080001dd   Thumb Code     0  entry5.o(.ARM.Collect$$$$00000004)
    __main_after_scatterload                 0x080001e1   Thumb Code     0  entry5.o(.ARM.Collect$$$$00000004)
    _main_clock                              0x080001e1   Thumb Code     0  entry7b.o(.ARM.Collect$$$$00000008)
    _main_cpp_init                           0x080001e1   Thumb Code     0  entry8b.o(.ARM.Collect$$$$0000000A)
    _main_init                               0x080001e1   Thumb Code     0  entry9a.o(.ARM.Collect$$$$0000000B)
    __rt_final_cpp                           0x080001e9   Thumb Code     0  entry10a.o(.ARM.Collect$$$$0000000D)
    __rt_final_exit                          0x080001e9   Thumb Code     0  entry11a.o(.ARM.Collect$$$$0000000F)
    Reset_Handler                            0x080001ed   Thumb Code     8  startup_stm32g474xx.o(.text)
    ADC1_2_IRQHandler                        0x08000207   Thumb Code     0  startup_stm32g474xx.o(.text)
    ADC3_IRQHandler                          0x08000207   Thumb Code     0  startup_stm32g474xx.o(.text)
    ADC4_IRQHandler                          0x08000207   Thumb Code     0  startup_stm32g474xx.o(.text)
    ADC5_IRQHandler                          0x08000207   Thumb Code     0  startup_stm32g474xx.o(.text)
    COMP1_2_3_IRQHandler                     0x08000207   Thumb Code     0  startup_stm32g474xx.o(.text)
    COMP4_5_6_IRQHandler                     0x08000207   Thumb Code     0  startup_stm32g474xx.o(.text)
    COMP7_IRQHandler                         0x08000207   Thumb Code     0  startup_stm32g474xx.o(.text)
    CORDIC_IRQHandler                        0x08000207   Thumb Code     0  startup_stm32g474xx.o(.text)
    CRS_IRQHandler                           0x08000207   Thumb Code     0  startup_stm32g474xx.o(.text)
    DMA1_Channel4_IRQHandler                 0x08000207   Thumb Code     0  startup_stm32g474xx.o(.text)
    DMA1_Channel5_IRQHandler                 0x08000207   Thumb Code     0  startup_stm32g474xx.o(.text)
    DMA1_Channel6_IRQHandler                 0x08000207   Thumb Code     0  startup_stm32g474xx.o(.text)
    DMA1_Channel7_IRQHandler                 0x08000207   Thumb Code     0  startup_stm32g474xx.o(.text)
    DMA1_Channel8_IRQHandler                 0x08000207   Thumb Code     0  startup_stm32g474xx.o(.text)
    DMA2_Channel1_IRQHandler                 0x08000207   Thumb Code     0  startup_stm32g474xx.o(.text)
    DMA2_Channel2_IRQHandler                 0x08000207   Thumb Code     0  startup_stm32g474xx.o(.text)
    DMA2_Channel3_IRQHandler                 0x08000207   Thumb Code     0  startup_stm32g474xx.o(.text)
    DMA2_Channel4_IRQHandler                 0x08000207   Thumb Code     0  startup_stm32g474xx.o(.text)
    DMA2_Channel5_IRQHandler                 0x08000207   Thumb Code     0  startup_stm32g474xx.o(.text)
    DMA2_Channel6_IRQHandler                 0x08000207   Thumb Code     0  startup_stm32g474xx.o(.text)
    DMA2_Channel7_IRQHandler                 0x08000207   Thumb Code     0  startup_stm32g474xx.o(.text)
    DMA2_Channel8_IRQHandler                 0x08000207   Thumb Code     0  startup_stm32g474xx.o(.text)
    DMAMUX_OVR_IRQHandler                    0x08000207   Thumb Code     0  startup_stm32g474xx.o(.text)
    EXTI0_IRQHandler                         0x08000207   Thumb Code     0  startup_stm32g474xx.o(.text)
    EXTI15_10_IRQHandler                     0x08000207   Thumb Code     0  startup_stm32g474xx.o(.text)
    EXTI1_IRQHandler                         0x08000207   Thumb Code     0  startup_stm32g474xx.o(.text)
    EXTI2_IRQHandler                         0x08000207   Thumb Code     0  startup_stm32g474xx.o(.text)
    EXTI3_IRQHandler                         0x08000207   Thumb Code     0  startup_stm32g474xx.o(.text)
    EXTI4_IRQHandler                         0x08000207   Thumb Code     0  startup_stm32g474xx.o(.text)
    EXTI9_5_IRQHandler                       0x08000207   Thumb Code     0  startup_stm32g474xx.o(.text)
    FDCAN1_IT0_IRQHandler                    0x08000207   Thumb Code     0  startup_stm32g474xx.o(.text)
    FDCAN1_IT1_IRQHandler                    0x08000207   Thumb Code     0  startup_stm32g474xx.o(.text)
    FDCAN2_IT0_IRQHandler                    0x08000207   Thumb Code     0  startup_stm32g474xx.o(.text)
    FDCAN2_IT1_IRQHandler                    0x08000207   Thumb Code     0  startup_stm32g474xx.o(.text)
    FDCAN3_IT0_IRQHandler                    0x08000207   Thumb Code     0  startup_stm32g474xx.o(.text)
    FDCAN3_IT1_IRQHandler                    0x08000207   Thumb Code     0  startup_stm32g474xx.o(.text)
    FLASH_IRQHandler                         0x08000207   Thumb Code     0  startup_stm32g474xx.o(.text)
    FMAC_IRQHandler                          0x08000207   Thumb Code     0  startup_stm32g474xx.o(.text)
    FMC_IRQHandler                           0x08000207   Thumb Code     0  startup_stm32g474xx.o(.text)
    FPU_IRQHandler                           0x08000207   Thumb Code     0  startup_stm32g474xx.o(.text)
    HRTIM1_FLT_IRQHandler                    0x08000207   Thumb Code     0  startup_stm32g474xx.o(.text)
    HRTIM1_Master_IRQHandler                 0x08000207   Thumb Code     0  startup_stm32g474xx.o(.text)
    HRTIM1_TIMA_IRQHandler                   0x08000207   Thumb Code     0  startup_stm32g474xx.o(.text)
    HRTIM1_TIMB_IRQHandler                   0x08000207   Thumb Code     0  startup_stm32g474xx.o(.text)
    HRTIM1_TIMC_IRQHandler                   0x08000207   Thumb Code     0  startup_stm32g474xx.o(.text)
    HRTIM1_TIMD_IRQHandler                   0x08000207   Thumb Code     0  startup_stm32g474xx.o(.text)
    HRTIM1_TIME_IRQHandler                   0x08000207   Thumb Code     0  startup_stm32g474xx.o(.text)
    HRTIM1_TIMF_IRQHandler                   0x08000207   Thumb Code     0  startup_stm32g474xx.o(.text)
    I2C1_ER_IRQHandler                       0x08000207   Thumb Code     0  startup_stm32g474xx.o(.text)
    I2C1_EV_IRQHandler                       0x08000207   Thumb Code     0  startup_stm32g474xx.o(.text)
    I2C2_ER_IRQHandler                       0x08000207   Thumb Code     0  startup_stm32g474xx.o(.text)
    I2C2_EV_IRQHandler                       0x08000207   Thumb Code     0  startup_stm32g474xx.o(.text)
    I2C3_ER_IRQHandler                       0x08000207   Thumb Code     0  startup_stm32g474xx.o(.text)
    I2C3_EV_IRQHandler                       0x08000207   Thumb Code     0  startup_stm32g474xx.o(.text)
    I2C4_ER_IRQHandler                       0x08000207   Thumb Code     0  startup_stm32g474xx.o(.text)
    I2C4_EV_IRQHandler                       0x08000207   Thumb Code     0  startup_stm32g474xx.o(.text)
    LPTIM1_IRQHandler                        0x08000207   Thumb Code     0  startup_stm32g474xx.o(.text)
    LPUART1_IRQHandler                       0x08000207   Thumb Code     0  startup_stm32g474xx.o(.text)
    PVD_PVM_IRQHandler                       0x08000207   Thumb Code     0  startup_stm32g474xx.o(.text)
    QUADSPI_IRQHandler                       0x08000207   Thumb Code     0  startup_stm32g474xx.o(.text)
    RCC_IRQHandler                           0x08000207   Thumb Code     0  startup_stm32g474xx.o(.text)
    RNG_IRQHandler                           0x08000207   Thumb Code     0  startup_stm32g474xx.o(.text)
    RTC_Alarm_IRQHandler                     0x08000207   Thumb Code     0  startup_stm32g474xx.o(.text)
    RTC_TAMP_LSECSS_IRQHandler               0x08000207   Thumb Code     0  startup_stm32g474xx.o(.text)
    RTC_WKUP_IRQHandler                      0x08000207   Thumb Code     0  startup_stm32g474xx.o(.text)
    SAI1_IRQHandler                          0x08000207   Thumb Code     0  startup_stm32g474xx.o(.text)
    SPI1_IRQHandler                          0x08000207   Thumb Code     0  startup_stm32g474xx.o(.text)
    SPI2_IRQHandler                          0x08000207   Thumb Code     0  startup_stm32g474xx.o(.text)
    SPI3_IRQHandler                          0x08000207   Thumb Code     0  startup_stm32g474xx.o(.text)
    SPI4_IRQHandler                          0x08000207   Thumb Code     0  startup_stm32g474xx.o(.text)
    TIM1_BRK_TIM15_IRQHandler                0x08000207   Thumb Code     0  startup_stm32g474xx.o(.text)
    TIM1_CC_IRQHandler                       0x08000207   Thumb Code     0  startup_stm32g474xx.o(.text)
    TIM1_TRG_COM_TIM17_IRQHandler            0x08000207   Thumb Code     0  startup_stm32g474xx.o(.text)
    TIM1_UP_TIM16_IRQHandler                 0x08000207   Thumb Code     0  startup_stm32g474xx.o(.text)
    TIM20_BRK_IRQHandler                     0x08000207   Thumb Code     0  startup_stm32g474xx.o(.text)
    TIM20_CC_IRQHandler                      0x08000207   Thumb Code     0  startup_stm32g474xx.o(.text)
    TIM20_TRG_COM_IRQHandler                 0x08000207   Thumb Code     0  startup_stm32g474xx.o(.text)
    TIM20_UP_IRQHandler                      0x08000207   Thumb Code     0  startup_stm32g474xx.o(.text)
    TIM2_IRQHandler                          0x08000207   Thumb Code     0  startup_stm32g474xx.o(.text)
    TIM3_IRQHandler                          0x08000207   Thumb Code     0  startup_stm32g474xx.o(.text)
    TIM4_IRQHandler                          0x08000207   Thumb Code     0  startup_stm32g474xx.o(.text)
    TIM5_IRQHandler                          0x08000207   Thumb Code     0  startup_stm32g474xx.o(.text)
    TIM8_BRK_IRQHandler                      0x08000207   Thumb Code     0  startup_stm32g474xx.o(.text)
    TIM8_CC_IRQHandler                       0x08000207   Thumb Code     0  startup_stm32g474xx.o(.text)
    TIM8_TRG_COM_IRQHandler                  0x08000207   Thumb Code     0  startup_stm32g474xx.o(.text)
    TIM8_UP_IRQHandler                       0x08000207   Thumb Code     0  startup_stm32g474xx.o(.text)
    UART4_IRQHandler                         0x08000207   Thumb Code     0  startup_stm32g474xx.o(.text)
    UART5_IRQHandler                         0x08000207   Thumb Code     0  startup_stm32g474xx.o(.text)
    UCPD1_IRQHandler                         0x08000207   Thumb Code     0  startup_stm32g474xx.o(.text)
    USART2_IRQHandler                        0x08000207   Thumb Code     0  startup_stm32g474xx.o(.text)
    USART3_IRQHandler                        0x08000207   Thumb Code     0  startup_stm32g474xx.o(.text)
    USBWakeUp_IRQHandler                     0x08000207   Thumb Code     0  startup_stm32g474xx.o(.text)
    USB_HP_IRQHandler                        0x08000207   Thumb Code     0  startup_stm32g474xx.o(.text)
    WWDG_IRQHandler                          0x08000207   Thumb Code     0  startup_stm32g474xx.o(.text)
    __aeabi_uldivmod                         0x08000211   Thumb Code    98  uldiv.o(.text)
    __aeabi_memset                           0x08000273   Thumb Code    14  memseta.o(.text)
    __aeabi_memset4                          0x08000273   Thumb Code     0  memseta.o(.text)
    __aeabi_memset8                          0x08000273   Thumb Code     0  memseta.o(.text)
    __aeabi_memclr                           0x08000281   Thumb Code     4  memseta.o(.text)
    __aeabi_memclr4                          0x08000281   Thumb Code     0  memseta.o(.text)
    __aeabi_memclr8                          0x08000281   Thumb Code     0  memseta.o(.text)
    _memset$wrapper                          0x08000285   Thumb Code    18  memseta.o(.text)
    __aeabi_dadd                             0x08000297   Thumb Code   322  dadd.o(.text)
    __aeabi_dsub                             0x080003d9   Thumb Code     6  dadd.o(.text)
    __aeabi_drsub                            0x080003df   Thumb Code     6  dadd.o(.text)
    __aeabi_dmul                             0x080003e5   Thumb Code   228  dmul.o(.text)
    __aeabi_ddiv                             0x080004c9   Thumb Code   222  ddiv.o(.text)
    __aeabi_f2d                              0x080005a7   Thumb Code    38  f2d.o(.text)
    __aeabi_uidiv                            0x080005cd   Thumb Code     0  uidiv.o(.text)
    __aeabi_uidivmod                         0x080005cd   Thumb Code    44  uidiv.o(.text)
    __aeabi_llsl                             0x080005f9   Thumb Code    30  llshl.o(.text)
    _ll_shift_l                              0x080005f9   Thumb Code     0  llshl.o(.text)
    __aeabi_llsr                             0x08000617   Thumb Code    32  llushr.o(.text)
    _ll_ushift_r                             0x08000617   Thumb Code     0  llushr.o(.text)
    __aeabi_lasr                             0x08000637   Thumb Code    36  llsshr.o(.text)
    _ll_sshift_r                             0x08000637   Thumb Code     0  llsshr.o(.text)
    __I$use$fp                               0x0800065b   Thumb Code     0  iusefp.o(.text)
    _double_round                            0x0800065b   Thumb Code    30  depilogue.o(.text)
    _double_epilogue                         0x08000679   Thumb Code   156  depilogue.o(.text)
    __aeabi_d2ulz                            0x08000715   Thumb Code    48  dfixul.o(.text)
    __aeabi_cdrcmple                         0x08000745   Thumb Code    48  cdrcmple.o(.text)
    __scatterload                            0x08000775   Thumb Code    38  init.o(.text)
    __scatterload_rt2                        0x08000775   Thumb Code     0  init.o(.text)
    BusFault_Handler                         0x080007a5   Thumb Code     2  stm32g4xx_it.o(.text.BusFault_Handler)
    DMA1_Channel1_IRQHandler                 0x080007a9   Thumb Code    12  stm32g4xx_it.o(.text.DMA1_Channel1_IRQHandler)
    DMA1_Channel2_IRQHandler                 0x080007b5   Thumb Code    12  stm32g4xx_it.o(.text.DMA1_Channel2_IRQHandler)
    DMA1_Channel3_IRQHandler                 0x080007c1   Thumb Code    12  stm32g4xx_it.o(.text.DMA1_Channel3_IRQHandler)
    DebugMon_Handler                         0x080007cd   Thumb Code     2  stm32g4xx_it.o(.text.DebugMon_Handler)
    Error_Handler                            0x080007d1   Thumb Code    10  main.o(.text.Error_Handler)
    FFT_Start                                0x080007dd   Thumb Code   132  fft.o(.text.FFT_Start)
    HAL_DMA_Abort                            0x08000869   Thumb Code   110  stm32g4xx_hal_dma.o(.text.HAL_DMA_Abort)
    HAL_DMA_Abort_IT                         0x080008d9   Thumb Code   126  stm32g4xx_hal_dma.o(.text.HAL_DMA_Abort_IT)
    HAL_DMA_IRQHandler                       0x08000959   Thumb Code   156  stm32g4xx_hal_dma.o(.text.HAL_DMA_IRQHandler)
    HAL_DMA_Init                             0x080009f5   Thumb Code   290  stm32g4xx_hal_dma.o(.text.HAL_DMA_Init)
    HAL_DMA_Start_IT                         0x08000b19   Thumb Code   226  stm32g4xx_hal_dma.o(.text.HAL_DMA_Start_IT)
    HAL_Delay                                0x08000bfd   Thumb Code    40  stm32g4xx_hal.o(.text.HAL_Delay)
    HAL_GPIO_Init                            0x08000c25   Thumb Code   416  stm32g4xx_hal_gpio.o(.text.HAL_GPIO_Init)
    HAL_GPIO_ReadPin                         0x08000dc5   Thumb Code    10  stm32g4xx_hal_gpio.o(.text.HAL_GPIO_ReadPin)
    HAL_GPIO_WritePin                        0x08000dd1   Thumb Code    12  stm32g4xx_hal_gpio.o(.text.HAL_GPIO_WritePin)
    HAL_GetTick                              0x08000ddd   Thumb Code    12  stm32g4xx_hal.o(.text.HAL_GetTick)
    HAL_IncTick                              0x08000de9   Thumb Code    26  stm32g4xx_hal.o(.text.HAL_IncTick)
    HAL_Init                                 0x08000e05   Thumb Code    30  stm32g4xx_hal.o(.text.HAL_Init)
    HAL_InitTick                             0x08000e25   Thumb Code   166  stm32g4xx_hal_timebase_tim.o(.text.HAL_InitTick)
    HAL_MspInit                              0x08000ecd   Thumb Code    68  stm32g4xx_hal_msp.o(.text.HAL_MspInit)
    HAL_NVIC_EnableIRQ                       0x08000f11   Thumb Code    34  stm32g4xx_hal_cortex.o(.text.HAL_NVIC_EnableIRQ)
    HAL_NVIC_SetPriority                     0x08000f35   Thumb Code    86  stm32g4xx_hal_cortex.o(.text.HAL_NVIC_SetPriority)
    HAL_NVIC_SetPriorityGrouping             0x08000f8d   Thumb Code    32  stm32g4xx_hal_cortex.o(.text.HAL_NVIC_SetPriorityGrouping)
    HAL_PCDEx_LPM_Callback                   0x08000fad   Thumb Code    80  usbd_conf.o(.text.HAL_PCDEx_LPM_Callback)
    HAL_PCD_DataInStageCallback              0x08000ffd   Thumb Code    20  usbd_conf.o(.text.HAL_PCD_DataInStageCallback)
    HAL_PCD_DataOutStageCallback             0x08001011   Thumb Code    22  usbd_conf.o(.text.HAL_PCD_DataOutStageCallback)
    HAL_PCD_EP_ClrStall                      0x08001029   Thumb Code   100  stm32g4xx_hal_pcd.o(.text.HAL_PCD_EP_ClrStall)
    HAL_PCD_EP_Open                          0x0800108d   Thumb Code    94  stm32g4xx_hal_pcd.o(.text.HAL_PCD_EP_Open)
    HAL_PCD_EP_Receive                       0x080010ed   Thumb Code    50  stm32g4xx_hal_pcd.o(.text.HAL_PCD_EP_Receive)
    HAL_PCD_EP_SetStall                      0x08001121   Thumb Code   104  stm32g4xx_hal_pcd.o(.text.HAL_PCD_EP_SetStall)
    HAL_PCD_EP_Transmit                      0x08001189   Thumb Code    54  stm32g4xx_hal_pcd.o(.text.HAL_PCD_EP_Transmit)
    HAL_PCD_IRQHandler                       0x080011c1   Thumb Code  2298  stm32g4xx_hal_pcd.o(.text.HAL_PCD_IRQHandler)
    HAL_PCD_ResetCallback                    0x08001abd   Thumb Code    36  usbd_conf.o(.text.HAL_PCD_ResetCallback)
    HAL_PCD_ResumeCallback                   0x08001ae1   Thumb Code    40  usbd_conf.o(.text.HAL_PCD_ResumeCallback)
    HAL_PCD_SOFCallback                      0x08001b09   Thumb Code     8  usbd_conf.o(.text.HAL_PCD_SOFCallback)
    HAL_PCD_SetAddress                       0x08001b11   Thumb Code    40  stm32g4xx_hal_pcd.o(.text.HAL_PCD_SetAddress)
    HAL_PCD_SetupStageCallback               0x08001b39   Thumb Code    14  usbd_conf.o(.text.HAL_PCD_SetupStageCallback)
    HAL_PCD_SuspendCallback                  0x08001b49   Thumb Code    38  usbd_conf.o(.text.HAL_PCD_SuspendCallback)
    HAL_PWREx_ControlVoltageScaling          0x08001b71   Thumb Code   242  stm32g4xx_hal_pwr_ex.o(.text.HAL_PWREx_ControlVoltageScaling)
    HAL_PWREx_DisableUCPDDeadBattery         0x08001c65   Thumb Code    18  stm32g4xx_hal_pwr_ex.o(.text.HAL_PWREx_DisableUCPDDeadBattery)
    HAL_RCCEx_PeriphCLKConfig                0x08001c79   Thumb Code   808  stm32g4xx_hal_rcc_ex.o(.text.HAL_RCCEx_PeriphCLKConfig)
    HAL_RCC_ClockConfig                      0x08001fa1   Thumb Code   786  stm32g4xx_hal_rcc.o(.text.HAL_RCC_ClockConfig)
    HAL_RCC_GetClockConfig                   0x080022b5   Thumb Code    66  stm32g4xx_hal_rcc.o(.text.HAL_RCC_GetClockConfig)
    HAL_RCC_GetPCLK1Freq                     0x080022f9   Thumb Code    42  stm32g4xx_hal_rcc.o(.text.HAL_RCC_GetPCLK1Freq)
    HAL_RCC_GetPCLK2Freq                     0x08002325   Thumb Code    42  stm32g4xx_hal_rcc.o(.text.HAL_RCC_GetPCLK2Freq)
    HAL_RCC_GetSysClockFreq                  0x08002351   Thumb Code   130  stm32g4xx_hal_rcc.o(.text.HAL_RCC_GetSysClockFreq)
    HAL_RCC_OscConfig                        0x080023d5   Thumb Code  1156  stm32g4xx_hal_rcc.o(.text.HAL_RCC_OscConfig)
    HAL_SYSCFG_DisableVREFBUF                0x08002859   Thumb Code    16  stm32g4xx_hal.o(.text.HAL_SYSCFG_DisableVREFBUF)
    HAL_SYSCFG_VREFBUF_HighImpedanceConfig   0x08002869   Thumb Code    18  stm32g4xx_hal.o(.text.HAL_SYSCFG_VREFBUF_HighImpedanceConfig)
    HAL_TIMEx_Break2Callback                 0x0800287d   Thumb Code     2  stm32g4xx_hal_tim_ex.o(.text.HAL_TIMEx_Break2Callback)
    HAL_TIMEx_BreakCallback                  0x08002881   Thumb Code     2  stm32g4xx_hal_tim_ex.o(.text.HAL_TIMEx_BreakCallback)
    HAL_TIMEx_CommutCallback                 0x08002885   Thumb Code     2  stm32g4xx_hal_tim_ex.o(.text.HAL_TIMEx_CommutCallback)
    HAL_TIMEx_DirectionChangeCallback        0x08002889   Thumb Code     2  stm32g4xx_hal_tim_ex.o(.text.HAL_TIMEx_DirectionChangeCallback)
    HAL_TIMEx_EncoderIndexCallback           0x0800288d   Thumb Code     2  stm32g4xx_hal_tim_ex.o(.text.HAL_TIMEx_EncoderIndexCallback)
    HAL_TIMEx_IndexErrorCallback             0x08002891   Thumb Code     2  stm32g4xx_hal_tim_ex.o(.text.HAL_TIMEx_IndexErrorCallback)
    HAL_TIMEx_MasterConfigSynchronization    0x08002895   Thumb Code   222  stm32g4xx_hal_tim_ex.o(.text.HAL_TIMEx_MasterConfigSynchronization)
    HAL_TIMEx_TransitionErrorCallback        0x08002975   Thumb Code     2  stm32g4xx_hal_tim_ex.o(.text.HAL_TIMEx_TransitionErrorCallback)
    HAL_TIM_Base_Init                        0x08002979   Thumb Code    98  stm32g4xx_hal_tim.o(.text.HAL_TIM_Base_Init)
    HAL_TIM_Base_MspInit                     0x080029dd   Thumb Code    68  tim.o(.text.HAL_TIM_Base_MspInit)
    HAL_TIM_Base_Start_IT                    0x08002a21   Thumb Code   182  stm32g4xx_hal_tim.o(.text.HAL_TIM_Base_Start_IT)
    HAL_TIM_IC_CaptureCallback               0x08002ad9   Thumb Code     2  stm32g4xx_hal_tim.o(.text.HAL_TIM_IC_CaptureCallback)
    HAL_TIM_IRQHandler                       0x08002add   Thumb Code   454  stm32g4xx_hal_tim.o(.text.HAL_TIM_IRQHandler)
    HAL_TIM_OC_DelayElapsedCallback          0x08002ca5   Thumb Code     2  stm32g4xx_hal_tim.o(.text.HAL_TIM_OC_DelayElapsedCallback)
    HAL_TIM_PWM_PulseFinishedCallback        0x08002ca9   Thumb Code     2  stm32g4xx_hal_tim.o(.text.HAL_TIM_PWM_PulseFinishedCallback)
    HAL_TIM_PeriodElapsedCallback            0x08002cad   Thumb Code    36  main.o(.text.HAL_TIM_PeriodElapsedCallback)
    HAL_TIM_TriggerCallback                  0x08002cd1   Thumb Code     2  stm32g4xx_hal_tim.o(.text.HAL_TIM_TriggerCallback)
    HAL_UARTEx_DisableFifoMode               0x08002cd5   Thumb Code    54  stm32g4xx_hal_uart_ex.o(.text.HAL_UARTEx_DisableFifoMode)
    HAL_UARTEx_RxEventCallback               0x08002d0d   Thumb Code     2  stm32g4xx_hal_uart.o(.text.HAL_UARTEx_RxEventCallback)
    HAL_UARTEx_RxFifoFullCallback            0x08002d11   Thumb Code     2  stm32g4xx_hal_uart_ex.o(.text.HAL_UARTEx_RxFifoFullCallback)
    HAL_UARTEx_SetRxFifoThreshold            0x08002d15   Thumb Code   146  stm32g4xx_hal_uart_ex.o(.text.HAL_UARTEx_SetRxFifoThreshold)
    HAL_UARTEx_SetTxFifoThreshold            0x08002da9   Thumb Code   146  stm32g4xx_hal_uart_ex.o(.text.HAL_UARTEx_SetTxFifoThreshold)
    HAL_UARTEx_TxFifoEmptyCallback           0x08002e3d   Thumb Code     2  stm32g4xx_hal_uart_ex.o(.text.HAL_UARTEx_TxFifoEmptyCallback)
    HAL_UARTEx_WakeupCallback                0x08002e41   Thumb Code     2  stm32g4xx_hal_uart_ex.o(.text.HAL_UARTEx_WakeupCallback)
    HAL_UART_ErrorCallback                   0x08002e45   Thumb Code     2  stm32g4xx_hal_uart.o(.text.HAL_UART_ErrorCallback)
    HAL_UART_IRQHandler                      0x08002e49   Thumb Code   942  stm32g4xx_hal_uart.o(.text.HAL_UART_IRQHandler)
    HAL_UART_Init                            0x080031f9   Thumb Code    98  stm32g4xx_hal_uart.o(.text.HAL_UART_Init)
    HAL_UART_MspInit                         0x0800325d   Thumb Code   268  usart.o(.text.HAL_UART_MspInit)
    HAL_UART_Transmit_DMA                    0x08003369   Thumb Code   170  stm32g4xx_hal_uart.o(.text.HAL_UART_Transmit_DMA)
    HAL_UART_TxCpltCallback                  0x08003415   Thumb Code     2  stm32g4xx_hal_uart.o(.text.HAL_UART_TxCpltCallback)
    HAL_UART_TxHalfCpltCallback              0x08003419   Thumb Code     2  stm32g4xx_hal_uart.o(.text.HAL_UART_TxHalfCpltCallback)
    HardFault_Handler                        0x0800341d   Thumb Code     2  stm32g4xx_it.o(.text.HardFault_Handler)
    Key_Process                              0x08003421   Thumb Code    88  main.o(.text.Key_Process)
    Key_Read                                 0x080034d9   Thumb Code   170  key.o(.text.Key_Read)
    MX_DMA_Init                              0x08003585   Thumb Code   102  dma.o(.text.MX_DMA_Init)
    MX_GPIO_Init                             0x080035ed   Thumb Code   272  gpio.o(.text.MX_GPIO_Init)
    MX_TIM7_Init                             0x080036fd   Thumb Code    84  tim.o(.text.MX_TIM7_Init)
    MX_USART1_UART_Init                      0x08003751   Thumb Code   130  usart.o(.text.MX_USART1_UART_Init)
    MemManage_Handler                        0x080037d5   Thumb Code     2  stm32g4xx_it.o(.text.MemManage_Handler)
    NMI_Handler                              0x080037d9   Thumb Code     2  stm32g4xx_it.o(.text.NMI_Handler)
    PendSV_Handler                           0x080037dd   Thumb Code     2  stm32g4xx_it.o(.text.PendSV_Handler)
    SVC_Handler                              0x080037e1   Thumb Code     2  stm32g4xx_it.o(.text.SVC_Handler)
    SysTick_Handler                          0x080037e5   Thumb Code     2  stm32g4xx_it.o(.text.SysTick_Handler)
    SystemClock_Config                       0x080037e9   Thumb Code   122  main.o(.text.SystemClock_Config)
    SystemInit                               0x08003865   Thumb Code    18  system_stm32g4xx.o(.text.SystemInit)
    TIM6_DAC_IRQHandler                      0x08003879   Thumb Code    12  stm32g4xx_it.o(.text.TIM6_DAC_IRQHandler)
    TIM7_DAC_IRQHandler                      0x08003885   Thumb Code    12  stm32g4xx_it.o(.text.TIM7_DAC_IRQHandler)
    TIM_Base_SetConfig                       0x08003891   Thumb Code   336  stm32g4xx_hal_tim.o(.text.TIM_Base_SetConfig)
    UART_AdvFeatureConfig                    0x080039e1   Thumb Code   230  stm32g4xx_hal_uart.o(.text.UART_AdvFeatureConfig)
    UART_CheckIdleState                      0x08003ac9   Thumb Code   190  stm32g4xx_hal_uart.o(.text.UART_CheckIdleState)
    UART_SetConfig                           0x08003ca9   Thumb Code   688  stm32g4xx_hal_uart.o(.text.UART_SetConfig)
    UART_WaitOnFlagUntilTimeout              0x08003f69   Thumb Code   318  stm32g4xx_hal_uart.o(.text.UART_WaitOnFlagUntilTimeout)
    USART1_IRQHandler                        0x080040a9   Thumb Code    12  stm32g4xx_it.o(.text.USART1_IRQHandler)
    USBD_ClrClassConfig                      0x080040b5   Thumb Code    20  usbd_core.o(.text.USBD_ClrClassConfig)
    USBD_CtlContinueRx                       0x080040c9   Thumb Code    16  usbd_ioreq.o(.text.USBD_CtlContinueRx)
    USBD_CtlContinueSendData                 0x080040d9   Thumb Code    16  usbd_ioreq.o(.text.USBD_CtlContinueSendData)
    USBD_CtlReceiveStatus                    0x080040e9   Thumb Code    22  usbd_ioreq.o(.text.USBD_CtlReceiveStatus)
    USBD_CtlSendData                         0x08004101   Thumb Code    26  usbd_ioreq.o(.text.USBD_CtlSendData)
    USBD_CtlSendStatus                       0x0800411d   Thumb Code    22  usbd_ioreq.o(.text.USBD_CtlSendStatus)
    USBD_LL_ClearStallEP                     0x08004135   Thumb Code    34  usbd_conf.o(.text.USBD_LL_ClearStallEP)
    USBD_LL_DataInStage                      0x08004159   Thumb Code   166  usbd_core.o(.text.USBD_LL_DataInStage)
    USBD_LL_DataOutStage                     0x08004201   Thumb Code   100  usbd_core.o(.text.USBD_LL_DataOutStage)
    USBD_LL_IsStallEP                        0x08004265   Thumb Code    42  usbd_conf.o(.text.USBD_LL_IsStallEP)
    USBD_LL_OpenEP                           0x08004291   Thumb Code    40  usbd_conf.o(.text.USBD_LL_OpenEP)
    USBD_LL_PrepareReceive                   0x080042b9   Thumb Code    34  usbd_conf.o(.text.USBD_LL_PrepareReceive)
    USBD_LL_Reset                            0x080042dd   Thumb Code    98  usbd_core.o(.text.USBD_LL_Reset)
    USBD_LL_Resume                           0x08004341   Thumb Code    20  usbd_core.o(.text.USBD_LL_Resume)
    USBD_LL_SOF                              0x08004355   Thumb Code    36  usbd_core.o(.text.USBD_LL_SOF)
    USBD_LL_SetSpeed                         0x08004379   Thumb Code     8  usbd_core.o(.text.USBD_LL_SetSpeed)
    USBD_LL_SetUSBAddress                    0x08004381   Thumb Code    34  usbd_conf.o(.text.USBD_LL_SetUSBAddress)
    USBD_LL_SetupStage                       0x080043a5   Thumb Code    96  usbd_core.o(.text.USBD_LL_SetupStage)
    USBD_LL_StallEP                          0x08004405   Thumb Code    34  usbd_conf.o(.text.USBD_LL_StallEP)
    USBD_LL_Suspend                          0x08004429   Thumb Code    20  usbd_core.o(.text.USBD_LL_Suspend)
    USBD_LL_Transmit                         0x0800443d   Thumb Code    34  usbd_conf.o(.text.USBD_LL_Transmit)
    USBD_ParseSetupRequest                   0x08004461   Thumb Code    22  usbd_ctlreq.o(.text.USBD_ParseSetupRequest)
    USBD_SetClassConfig                      0x08004479   Thumb Code    16  usbd_core.o(.text.USBD_SetClassConfig)
    USBD_StdDevReq                           0x08004489   Thumb Code   850  usbd_ctlreq.o(.text.USBD_StdDevReq)
    USBD_StdEPReq                            0x080047dd   Thumb Code   308  usbd_ctlreq.o(.text.USBD_StdEPReq)
    USBD_StdItfReq                           0x08004911   Thumb Code    96  usbd_ctlreq.o(.text.USBD_StdItfReq)
    USB_ActivateEndpoint                     0x08004971   Thumb Code   598  stm32g4xx_ll_usb.o(.text.USB_ActivateEndpoint)
    USB_EPClearStall                         0x08004bc9   Thumb Code   122  stm32g4xx_ll_usb.o(.text.USB_EPClearStall)
    USB_EPSetStall                           0x08004c45   Thumb Code    50  stm32g4xx_ll_usb.o(.text.USB_EPSetStall)
    USB_EPStartXfer                          0x08004c79   Thumb Code  1338  stm32g4xx_ll_usb.o(.text.USB_EPStartXfer)
    USB_LP_IRQHandler                        0x080051b5   Thumb Code    12  stm32g4xx_it.o(.text.USB_LP_IRQHandler)
    USB_ReadInterrupts                       0x080051c1   Thumb Code     6  stm32g4xx_ll_usb.o(.text.USB_ReadInterrupts)
    USB_ReadPMA                              0x080051c9   Thumb Code    42  stm32g4xx_ll_usb.o(.text.USB_ReadPMA)
    USB_SetDevAddress                        0x080051f5   Thumb Code    14  stm32g4xx_ll_usb.o(.text.USB_SetDevAddress)
    USB_WritePMA                             0x08005205   Thumb Code    34  stm32g4xx_ll_usb.o(.text.USB_WritePMA)
    Uart_Send_DMA                            0x08005229   Thumb Code    84  myuart.o(.text.Uart_Send_DMA)
    UsageFault_Handler                       0x0800527d   Thumb Code     2  stm32g4xx_it.o(.text.UsageFault_Handler)
    arm_cfft_f32                             0x08005281   Thumb Code   322  transformfunctions.o(.text.arm_cfft_f32)
    arm_cfft_radix8by2_f32                   0x080053c5   Thumb Code   410  transformfunctions.o(.text.arm_cfft_radix8by2_f32)
    arm_cfft_radix8by4_f32                   0x08005561   Thumb Code  1254  transformfunctions.o(.text.arm_cfft_radix8by4_f32)
    arm_cmplx_mag_f32                        0x08005a49   Thumb Code    50  complexmathfunctions.o(.text.arm_cmplx_mag_f32)
    arm_fir_f32                              0x08005a7d   Thumb Code   156  filteringfunctions.o(.text.arm_fir_f32)
    arm_fir_f32_lp                           0x08005b1d   Thumb Code   110  filter.o(.text.arm_fir_f32_lp)
    arm_fir_init_f32                         0x08005b8d   Thumb Code    32  filteringfunctions.o(.text.arm_fir_init_f32)
    arm_radix8_butterfly_f32                 0x08005bad   Thumb Code  1380  transformfunctions.o(.text.arm_radix8_butterfly_f32)
    main                                     0x08006111   Thumb Code   360  main.o(.text.main)
    __0vsnprintf                             0x080062b9   Thumb Code    46  printfa.o(i.__0vsnprintf)
    __1vsnprintf                             0x080062b9   Thumb Code     0  printfa.o(i.__0vsnprintf)
    __2vsnprintf                             0x080062b9   Thumb Code     0  printfa.o(i.__0vsnprintf)
    __c89vsnprintf                           0x080062b9   Thumb Code     0  printfa.o(i.__0vsnprintf)
    vsnprintf                                0x080062b9   Thumb Code     0  printfa.o(i.__0vsnprintf)
    __scatterload_copy                       0x080062ed   Thumb Code    14  handlers.o(i.__scatterload_copy)
    __scatterload_null                       0x080062fb   Thumb Code     2  handlers.o(i.__scatterload_null)
    __scatterload_zeroinit                   0x080062fd   Thumb Code    14  handlers.o(i.__scatterload_zeroinit)
    AHBPrescTable                            0x08006bd4   Data          16  system_stm32g4xx.o(.rodata.AHBPrescTable)
    APBPrescTable                            0x08006be4   Data           8  system_stm32g4xx.o(.rodata.APBPrescTable)
    Sin_Noise                                0x08006bec   Data       16384  main.o(.rodata.Sin_Noise)
    UARTPrescTable                           0x0800abec   Data          24  stm32g4xx_hal_uart.o(.rodata.UARTPrescTable)
    armBitRevIndexTable4096                  0x0800ac04   Data        8064  commontables.o(.rodata.armBitRevIndexTable4096)
    arm_cfft_sR_f32_len4096                  0x0800cb84   Data          16  commontables.o(.rodata.arm_cfft_sR_f32_len4096)
    firCoeffsF32LP                           0x0800cbb4   Data         404  filter.o(.rodata.firCoeffsF32LP)
    twiddleCoef_4096                         0x0800cd48   Data       32768  commontables.o(.rodata.twiddleCoef_4096)
    Region$$Table$$Base                      0x08014d48   Number         0  anon$$obj.o(Region$$Table)
    Region$$Table$$Limit                     0x08014d68   Number         0  anon$$obj.o(Region$$Table)
    SystemCoreClock                          0x20000000   Data           4  system_stm32g4xx.o(.data.SystemCoreClock)
    blockSize                                0x20000004   Data           4  filter.o(.data.blockSize)
    numBlocks                                0x20000008   Data           4  filter.o(.data.numBlocks)
    uart1                                    0x2000000c   Data         200  main.o(.data.uart1)
    uwTickFreq                               0x200000d4   Data           4  stm32g4xx_hal.o(.data.uwTickFreq)
    uwTickPrio                               0x200000d8   Data           4  stm32g4xx_hal.o(.data.uwTickPrio)
    fft_outputbuf                            0x200080e8   Data       16384  fft.o(.bss.fft_outputbuf)
    hdma_spi3_tx                             0x2000c290   Data          96  spi.o(.bss.hdma_spi3_tx)
    hdma_usart1_rx                           0x2000c2f0   Data          96  usart.o(.bss.hdma_usart1_rx)
    hdma_usart1_tx                           0x2000c350   Data          96  usart.o(.bss.hdma_usart1_tx)
    hpcd_USB_FS                              0x2000c3b0   Data         732  usbd_conf.o(.bss.hpcd_USB_FS)
    htim6                                    0x2000c68c   Data          76  stm32g4xx_hal_timebase_tim.o(.bss.htim6)
    htim7                                    0x2000c6d8   Data          76  tim.o(.bss.htim7)
    huart1                                   0x2000c724   Data         148  usart.o(.bss.huart1)
    testOutput                               0x2000c7b8   Data       16384  filter.o(.bss.testOutput)
    uwTick                                   0x200107b8   Data           4  stm32g4xx_hal.o(.bss.uwTick)
    __initial_sp                             0x200117c0   Data           0  startup_stm32g474xx.o(STACK)



==============================================================================

Memory Map of the image

  Image Entry point : 0x080001d9

  Load Region LR_IROM1 (Base: 0x08000000, Size: 0x00014e48, Max: 0x00080000, ABSOLUTE)

    Execution Region ER_IROM1 (Exec base: 0x08000000, Load base: 0x08000000, Size: 0x00014d68, Max: 0x00080000, ABSOLUTE)

    Exec Addr    Load Addr    Size         Type   Attr      Idx    E Section Name        Object

    0x08000000   0x08000000   0x000001d8   Data   RO            3    RESET               startup_stm32g474xx.o
    0x080001d8   0x080001d8   0x00000000   Code   RO         3500  * .ARM.Collect$$$$00000000  mc_w.l(entry.o)
    0x080001d8   0x080001d8   0x00000004   Code   RO         3616    .ARM.Collect$$$$00000001  mc_w.l(entry2.o)
    0x080001dc   0x080001dc   0x00000004   Code   RO         3619    .ARM.Collect$$$$00000004  mc_w.l(entry5.o)
    0x080001e0   0x080001e0   0x00000000   Code   RO         3621    .ARM.Collect$$$$00000008  mc_w.l(entry7b.o)
    0x080001e0   0x080001e0   0x00000000   Code   RO         3623    .ARM.Collect$$$$0000000A  mc_w.l(entry8b.o)
    0x080001e0   0x080001e0   0x00000008   Code   RO         3624    .ARM.Collect$$$$0000000B  mc_w.l(entry9a.o)
    0x080001e8   0x080001e8   0x00000000   Code   RO         3626    .ARM.Collect$$$$0000000D  mc_w.l(entry10a.o)
    0x080001e8   0x080001e8   0x00000000   Code   RO         3628    .ARM.Collect$$$$0000000F  mc_w.l(entry11a.o)
    0x080001e8   0x080001e8   0x00000004   Code   RO         3617    .ARM.Collect$$$$00002712  mc_w.l(entry2.o)
    0x080001ec   0x080001ec   0x00000024   Code   RO            4    .text               startup_stm32g474xx.o
    0x08000210   0x08000210   0x00000062   Code   RO         3503    .text               mc_w.l(uldiv.o)
    0x08000272   0x08000272   0x00000024   Code   RO         3509    .text               mc_w.l(memseta.o)
    0x08000296   0x08000296   0x0000014e   Code   RO         3541    .text               mf_w.l(dadd.o)
    0x080003e4   0x080003e4   0x000000e4   Code   RO         3543    .text               mf_w.l(dmul.o)
    0x080004c8   0x080004c8   0x000000de   Code   RO         3545    .text               mf_w.l(ddiv.o)
    0x080005a6   0x080005a6   0x00000026   Code   RO         3563    .text               mf_w.l(f2d.o)
    0x080005cc   0x080005cc   0x0000002c   Code   RO         3640    .text               mc_w.l(uidiv.o)
    0x080005f8   0x080005f8   0x0000001e   Code   RO         3642    .text               mc_w.l(llshl.o)
    0x08000616   0x08000616   0x00000020   Code   RO         3644    .text               mc_w.l(llushr.o)
    0x08000636   0x08000636   0x00000024   Code   RO         3646    .text               mc_w.l(llsshr.o)
    0x0800065a   0x0800065a   0x00000000   Code   RO         3655    .text               mc_w.l(iusefp.o)
    0x0800065a   0x0800065a   0x000000ba   Code   RO         3658    .text               mf_w.l(depilogue.o)
    0x08000714   0x08000714   0x00000030   Code   RO         3664    .text               mf_w.l(dfixul.o)
    0x08000744   0x08000744   0x00000030   Code   RO         3668    .text               mf_w.l(cdrcmple.o)
    0x08000774   0x08000774   0x00000030   Code   RO         3678    .text               mc_w.l(init.o)
    0x080007a4   0x080007a4   0x00000002   Code   RO          104    .text.BusFault_Handler  stm32g4xx_it.o
    0x080007a6   0x080007a6   0x00000002   PAD
    0x080007a8   0x080007a8   0x0000000c   Code   RO          116    .text.DMA1_Channel1_IRQHandler  stm32g4xx_it.o
    0x080007b4   0x080007b4   0x0000000c   Code   RO          118    .text.DMA1_Channel2_IRQHandler  stm32g4xx_it.o
    0x080007c0   0x080007c0   0x0000000c   Code   RO          120    .text.DMA1_Channel3_IRQHandler  stm32g4xx_it.o
    0x080007cc   0x080007cc   0x00000002   Code   RO          110    .text.DebugMon_Handler  stm32g4xx_it.o
    0x080007ce   0x080007ce   0x00000002   PAD
    0x080007d0   0x080007d0   0x0000000a   Code   RO           15    .text.Error_Handler  main.o
    0x080007da   0x080007da   0x00000002   PAD
    0x080007dc   0x080007dc   0x0000008c   Code   RO         1819    .text.FFT_Start     fft.o
    0x08000868   0x08000868   0x0000006e   Code   RO          613    .text.HAL_DMA_Abort  stm32g4xx_hal_dma.o
    0x080008d6   0x080008d6   0x00000002   PAD
    0x080008d8   0x080008d8   0x0000007e   Code   RO          615    .text.HAL_DMA_Abort_IT  stm32g4xx_hal_dma.o
    0x08000956   0x08000956   0x00000002   PAD
    0x08000958   0x08000958   0x0000009c   Code   RO          619    .text.HAL_DMA_IRQHandler  stm32g4xx_hal_dma.o
    0x080009f4   0x080009f4   0x00000122   Code   RO          605    .text.HAL_DMA_Init  stm32g4xx_hal_dma.o
    0x08000b16   0x08000b16   0x00000002   PAD
    0x08000b18   0x08000b18   0x000000e2   Code   RO          611    .text.HAL_DMA_Start_IT  stm32g4xx_hal_dma.o
    0x08000bfa   0x08000bfa   0x00000002   PAD
    0x08000bfc   0x08000bfc   0x00000028   Code   RO          331    .text.HAL_Delay     stm32g4xx_hal.o
    0x08000c24   0x08000c24   0x000001a0   Code   RO          555    .text.HAL_GPIO_Init  stm32g4xx_hal_gpio.o
    0x08000dc4   0x08000dc4   0x0000000a   Code   RO          559    .text.HAL_GPIO_ReadPin  stm32g4xx_hal_gpio.o
    0x08000dce   0x08000dce   0x00000002   PAD
    0x08000dd0   0x08000dd0   0x0000000c   Code   RO          561    .text.HAL_GPIO_WritePin  stm32g4xx_hal_gpio.o
    0x08000ddc   0x08000ddc   0x0000000c   Code   RO          323    .text.HAL_GetTick   stm32g4xx_hal.o
    0x08000de8   0x08000de8   0x0000001a   Code   RO          321    .text.HAL_IncTick   stm32g4xx_hal.o
    0x08000e02   0x08000e02   0x00000002   PAD
    0x08000e04   0x08000e04   0x0000001e   Code   RO          311    .text.HAL_Init      stm32g4xx_hal.o
    0x08000e22   0x08000e22   0x00000002   PAD
    0x08000e24   0x08000e24   0x000000a6   Code   RO          145    .text.HAL_InitTick  stm32g4xx_hal_timebase_tim.o
    0x08000eca   0x08000eca   0x00000002   PAD
    0x08000ecc   0x08000ecc   0x00000044   Code   RO          137    .text.HAL_MspInit   stm32g4xx_hal_msp.o
    0x08000f10   0x08000f10   0x00000022   Code   RO          781    .text.HAL_NVIC_EnableIRQ  stm32g4xx_hal_cortex.o
    0x08000f32   0x08000f32   0x00000002   PAD
    0x08000f34   0x08000f34   0x00000056   Code   RO          779    .text.HAL_NVIC_SetPriority  stm32g4xx_hal_cortex.o
    0x08000f8a   0x08000f8a   0x00000002   PAD
    0x08000f8c   0x08000f8c   0x00000020   Code   RO          777    .text.HAL_NVIC_SetPriorityGrouping  stm32g4xx_hal_cortex.o
    0x08000fac   0x08000fac   0x00000050   Code   RO         1580    .text.HAL_PCDEx_LPM_Callback  usbd_conf.o
    0x08000ffc   0x08000ffc   0x00000014   Code   RO         1534    .text.HAL_PCD_DataInStageCallback  usbd_conf.o
    0x08001010   0x08001010   0x00000016   Code   RO         1532    .text.HAL_PCD_DataOutStageCallback  usbd_conf.o
    0x08001026   0x08001026   0x00000002   PAD
    0x08001028   0x08001028   0x00000064   Code   RO          215    .text.HAL_PCD_EP_ClrStall  stm32g4xx_hal_pcd.o
    0x0800108c   0x0800108c   0x0000005e   Code   RO          203    .text.HAL_PCD_EP_Open  stm32g4xx_hal_pcd.o
    0x080010ea   0x080010ea   0x00000002   PAD
    0x080010ec   0x080010ec   0x00000032   Code   RO          207    .text.HAL_PCD_EP_Receive  stm32g4xx_hal_pcd.o
    0x0800111e   0x0800111e   0x00000002   PAD
    0x08001120   0x08001120   0x00000068   Code   RO          213    .text.HAL_PCD_EP_SetStall  stm32g4xx_hal_pcd.o
    0x08001188   0x08001188   0x00000036   Code   RO          211    .text.HAL_PCD_EP_Transmit  stm32g4xx_hal_pcd.o
    0x080011be   0x080011be   0x00000002   PAD
    0x080011c0   0x080011c0   0x000008fa   Code   RO          173    .text.HAL_PCD_IRQHandler  stm32g4xx_hal_pcd.o
    0x08001aba   0x08001aba   0x00000002   PAD
    0x08001abc   0x08001abc   0x00000024   Code   RO         1538    .text.HAL_PCD_ResetCallback  usbd_conf.o
    0x08001ae0   0x08001ae0   0x00000028   Code   RO         1542    .text.HAL_PCD_ResumeCallback  usbd_conf.o
    0x08001b08   0x08001b08   0x00000008   Code   RO         1536    .text.HAL_PCD_SOFCallback  usbd_conf.o
    0x08001b10   0x08001b10   0x00000028   Code   RO          177    .text.HAL_PCD_SetAddress  stm32g4xx_hal_pcd.o
    0x08001b38   0x08001b38   0x0000000e   Code   RO         1530    .text.HAL_PCD_SetupStageCallback  usbd_conf.o
    0x08001b46   0x08001b46   0x00000002   PAD
    0x08001b48   0x08001b48   0x00000026   Code   RO         1540    .text.HAL_PCD_SuspendCallback  usbd_conf.o
    0x08001b6e   0x08001b6e   0x00000002   PAD
    0x08001b70   0x08001b70   0x000000f2   Code   RO          697    .text.HAL_PWREx_ControlVoltageScaling  stm32g4xx_hal_pwr_ex.o
    0x08001c62   0x08001c62   0x00000002   PAD
    0x08001c64   0x08001c64   0x00000012   Code   RO          767    .text.HAL_PWREx_DisableUCPDDeadBattery  stm32g4xx_hal_pwr_ex.o
    0x08001c76   0x08001c76   0x00000002   PAD
    0x08001c78   0x08001c78   0x00000328   Code   RO          436    .text.HAL_RCCEx_PeriphCLKConfig  stm32g4xx_hal_rcc_ex.o
    0x08001fa0   0x08001fa0   0x00000312   Code   RO          402    .text.HAL_RCC_ClockConfig  stm32g4xx_hal_rcc.o
    0x080022b2   0x080022b2   0x00000002   PAD
    0x080022b4   0x080022b4   0x00000042   Code   RO          416    .text.HAL_RCC_GetClockConfig  stm32g4xx_hal_rcc.o
    0x080022f6   0x080022f6   0x00000002   PAD
    0x080022f8   0x080022f8   0x0000002a   Code   RO          410    .text.HAL_RCC_GetPCLK1Freq  stm32g4xx_hal_rcc.o
    0x08002322   0x08002322   0x00000002   PAD
    0x08002324   0x08002324   0x0000002a   Code   RO          412    .text.HAL_RCC_GetPCLK2Freq  stm32g4xx_hal_rcc.o
    0x0800234e   0x0800234e   0x00000002   PAD
    0x08002350   0x08002350   0x00000082   Code   RO          404    .text.HAL_RCC_GetSysClockFreq  stm32g4xx_hal_rcc.o
    0x080023d2   0x080023d2   0x00000002   PAD
    0x080023d4   0x080023d4   0x00000484   Code   RO          400    .text.HAL_RCC_OscConfig  stm32g4xx_hal_rcc.o
    0x08002858   0x08002858   0x00000010   Code   RO          375    .text.HAL_SYSCFG_DisableVREFBUF  stm32g4xx_hal.o
    0x08002868   0x08002868   0x00000012   Code   RO          369    .text.HAL_SYSCFG_VREFBUF_HighImpedanceConfig  stm32g4xx_hal.o
    0x0800287a   0x0800287a   0x00000002   PAD
    0x0800287c   0x0800287c   0x00000002   Code   RO         1303    .text.HAL_TIMEx_Break2Callback  stm32g4xx_hal_tim_ex.o
    0x0800287e   0x0800287e   0x00000002   PAD
    0x08002880   0x08002880   0x00000002   Code   RO         1301    .text.HAL_TIMEx_BreakCallback  stm32g4xx_hal_tim_ex.o
    0x08002882   0x08002882   0x00000002   PAD
    0x08002884   0x08002884   0x00000002   Code   RO         1297    .text.HAL_TIMEx_CommutCallback  stm32g4xx_hal_tim_ex.o
    0x08002886   0x08002886   0x00000002   PAD
    0x08002888   0x08002888   0x00000002   Code   RO         1307    .text.HAL_TIMEx_DirectionChangeCallback  stm32g4xx_hal_tim_ex.o
    0x0800288a   0x0800288a   0x00000002   PAD
    0x0800288c   0x0800288c   0x00000002   Code   RO         1305    .text.HAL_TIMEx_EncoderIndexCallback  stm32g4xx_hal_tim_ex.o
    0x0800288e   0x0800288e   0x00000002   PAD
    0x08002890   0x08002890   0x00000002   Code   RO         1309    .text.HAL_TIMEx_IndexErrorCallback  stm32g4xx_hal_tim_ex.o
    0x08002892   0x08002892   0x00000002   PAD
    0x08002894   0x08002894   0x000000de   Code   RO         1247    .text.HAL_TIMEx_MasterConfigSynchronization  stm32g4xx_hal_tim_ex.o
    0x08002972   0x08002972   0x00000002   PAD
    0x08002974   0x08002974   0x00000002   Code   RO         1311    .text.HAL_TIMEx_TransitionErrorCallback  stm32g4xx_hal_tim_ex.o
    0x08002976   0x08002976   0x00000002   PAD
    0x08002978   0x08002978   0x00000062   Code   RO          952    .text.HAL_TIM_Base_Init  stm32g4xx_hal_tim.o
    0x080029da   0x080029da   0x00000002   PAD
    0x080029dc   0x080029dc   0x00000044   Code   RO           68    .text.HAL_TIM_Base_MspInit  tim.o
    0x08002a20   0x08002a20   0x000000b6   Code   RO          966    .text.HAL_TIM_Base_Start_IT  stm32g4xx_hal_tim.o
    0x08002ad6   0x08002ad6   0x00000002   PAD
    0x08002ad8   0x08002ad8   0x00000002   Code   RO         1088    .text.HAL_TIM_IC_CaptureCallback  stm32g4xx_hal_tim.o
    0x08002ada   0x08002ada   0x00000002   PAD
    0x08002adc   0x08002adc   0x000001c6   Code   RO         1086    .text.HAL_TIM_IRQHandler  stm32g4xx_hal_tim.o
    0x08002ca2   0x08002ca2   0x00000002   PAD
    0x08002ca4   0x08002ca4   0x00000002   Code   RO         1090    .text.HAL_TIM_OC_DelayElapsedCallback  stm32g4xx_hal_tim.o
    0x08002ca6   0x08002ca6   0x00000002   PAD
    0x08002ca8   0x08002ca8   0x00000002   Code   RO         1092    .text.HAL_TIM_PWM_PulseFinishedCallback  stm32g4xx_hal_tim.o
    0x08002caa   0x08002caa   0x00000002   PAD
    0x08002cac   0x08002cac   0x00000024   Code   RO           19    .text.HAL_TIM_PeriodElapsedCallback  main.o
    0x08002cd0   0x08002cd0   0x00000002   Code   RO         1096    .text.HAL_TIM_TriggerCallback  stm32g4xx_hal_tim.o
    0x08002cd2   0x08002cd2   0x00000002   PAD
    0x08002cd4   0x08002cd4   0x00000036   Code   RO         1488    .text.HAL_UARTEx_DisableFifoMode  stm32g4xx_hal_uart_ex.o
    0x08002d0a   0x08002d0a   0x00000002   PAD
    0x08002d0c   0x08002d0c   0x00000002   Code   RO         1416    .text.HAL_UARTEx_RxEventCallback  stm32g4xx_hal_uart.o
    0x08002d0e   0x08002d0e   0x00000002   PAD
    0x08002d10   0x08002d10   0x00000002   Code   RO         1474    .text.HAL_UARTEx_RxFifoFullCallback  stm32g4xx_hal_uart_ex.o
    0x08002d12   0x08002d12   0x00000002   PAD
    0x08002d14   0x08002d14   0x00000092   Code   RO         1492    .text.HAL_UARTEx_SetRxFifoThreshold  stm32g4xx_hal_uart_ex.o
    0x08002da6   0x08002da6   0x00000002   PAD
    0x08002da8   0x08002da8   0x00000092   Code   RO         1490    .text.HAL_UARTEx_SetTxFifoThreshold  stm32g4xx_hal_uart_ex.o
    0x08002e3a   0x08002e3a   0x00000002   PAD
    0x08002e3c   0x08002e3c   0x00000002   Code   RO         1476    .text.HAL_UARTEx_TxFifoEmptyCallback  stm32g4xx_hal_uart_ex.o
    0x08002e3e   0x08002e3e   0x00000002   PAD
    0x08002e40   0x08002e40   0x00000002   Code   RO         1472    .text.HAL_UARTEx_WakeupCallback  stm32g4xx_hal_uart_ex.o
    0x08002e42   0x08002e42   0x00000002   PAD
    0x08002e44   0x08002e44   0x00000002   Code   RO         1414    .text.HAL_UART_ErrorCallback  stm32g4xx_hal_uart.o
    0x08002e46   0x08002e46   0x00000002   PAD
    0x08002e48   0x08002e48   0x000003ae   Code   RO         1410    .text.HAL_UART_IRQHandler  stm32g4xx_hal_uart.o
    0x080031f6   0x080031f6   0x00000002   PAD
    0x080031f8   0x080031f8   0x00000062   Code   RO         1326    .text.HAL_UART_Init  stm32g4xx_hal_uart.o
    0x0800325a   0x0800325a   0x00000002   PAD
    0x0800325c   0x0800325c   0x0000010c   Code   RO           83    .text.HAL_UART_MspInit  usart.o
    0x08003368   0x08003368   0x000000aa   Code   RO         1366    .text.HAL_UART_Transmit_DMA  stm32g4xx_hal_uart.o
    0x08003412   0x08003412   0x00000002   PAD
    0x08003414   0x08003414   0x00000002   Code   RO         1418    .text.HAL_UART_TxCpltCallback  stm32g4xx_hal_uart.o
    0x08003416   0x08003416   0x00000002   PAD
    0x08003418   0x08003418   0x00000002   Code   RO         1420    .text.HAL_UART_TxHalfCpltCallback  stm32g4xx_hal_uart.o
    0x0800341a   0x0800341a   0x00000002   PAD
    0x0800341c   0x0800341c   0x00000002   Code   RO          100    .text.HardFault_Handler  stm32g4xx_it.o
    0x0800341e   0x0800341e   0x00000002   PAD
    0x08003420   0x08003420   0x000000b8   Code   RO           17    .text.Key_Process   main.o
    0x080034d8   0x080034d8   0x000000aa   Code   RO         1805    .text.Key_Read      key.o
    0x08003582   0x08003582   0x00000002   PAD
    0x08003584   0x08003584   0x00000066   Code   RO           41    .text.MX_DMA_Init   dma.o
    0x080035ea   0x080035ea   0x00000002   PAD
    0x080035ec   0x080035ec   0x00000110   Code   RO           32    .text.MX_GPIO_Init  gpio.o
    0x080036fc   0x080036fc   0x00000054   Code   RO           66    .text.MX_TIM7_Init  tim.o
    0x08003750   0x08003750   0x00000082   Code   RO           81    .text.MX_USART1_UART_Init  usart.o
    0x080037d2   0x080037d2   0x00000002   PAD
    0x080037d4   0x080037d4   0x00000002   Code   RO          102    .text.MemManage_Handler  stm32g4xx_it.o
    0x080037d6   0x080037d6   0x00000002   PAD
    0x080037d8   0x080037d8   0x00000002   Code   RO           98    .text.NMI_Handler   stm32g4xx_it.o
    0x080037da   0x080037da   0x00000002   PAD
    0x080037dc   0x080037dc   0x00000002   Code   RO          112    .text.PendSV_Handler  stm32g4xx_it.o
    0x080037de   0x080037de   0x00000002   PAD
    0x080037e0   0x080037e0   0x00000002   Code   RO          108    .text.SVC_Handler   stm32g4xx_it.o
    0x080037e2   0x080037e2   0x00000002   PAD
    0x080037e4   0x080037e4   0x00000002   Code   RO          114    .text.SysTick_Handler  stm32g4xx_it.o
    0x080037e6   0x080037e6   0x00000002   PAD
    0x080037e8   0x080037e8   0x0000007a   Code   RO           13    .text.SystemClock_Config  main.o
    0x08003862   0x08003862   0x00000002   PAD
    0x08003864   0x08003864   0x00000012   Code   RO         1511    .text.SystemInit    system_stm32g4xx.o
    0x08003876   0x08003876   0x00000002   PAD
    0x08003878   0x08003878   0x0000000c   Code   RO          126    .text.TIM6_DAC_IRQHandler  stm32g4xx_it.o
    0x08003884   0x08003884   0x0000000c   Code   RO          128    .text.TIM7_DAC_IRQHandler  stm32g4xx_it.o
    0x08003890   0x08003890   0x00000150   Code   RO          956    .text.TIM_Base_SetConfig  stm32g4xx_hal_tim.o
    0x080039e0   0x080039e0   0x000000e6   Code   RO         1330    .text.UART_AdvFeatureConfig  stm32g4xx_hal_uart.o
    0x08003ac6   0x08003ac6   0x00000002   PAD
    0x08003ac8   0x08003ac8   0x000000be   Code   RO         1334    .text.UART_CheckIdleState  stm32g4xx_hal_uart.o
    0x08003b86   0x08003b86   0x00000002   PAD
    0x08003b88   0x08003b88   0x00000010   Code   RO         1412    .text.UART_DMAAbortOnError  stm32g4xx_hal_uart.o
    0x08003b98   0x08003b98   0x000000c8   Code   RO         1372    .text.UART_DMAError  stm32g4xx_hal_uart.o
    0x08003c60   0x08003c60   0x0000003e   Code   RO         1368    .text.UART_DMATransmitCplt  stm32g4xx_hal_uart.o
    0x08003c9e   0x08003c9e   0x00000002   PAD
    0x08003ca0   0x08003ca0   0x00000006   Code   RO         1370    .text.UART_DMATxHalfCplt  stm32g4xx_hal_uart.o
    0x08003ca6   0x08003ca6   0x00000002   PAD
    0x08003ca8   0x08003ca8   0x000002c0   Code   RO         1332    .text.UART_SetConfig  stm32g4xx_hal_uart.o
    0x08003f68   0x08003f68   0x0000013e   Code   RO         1348    .text.UART_WaitOnFlagUntilTimeout  stm32g4xx_hal_uart.o
    0x080040a6   0x080040a6   0x00000002   PAD
    0x080040a8   0x080040a8   0x0000000c   Code   RO          124    .text.USART1_IRQHandler  stm32g4xx_it.o
    0x080040b4   0x080040b4   0x00000014   Code   RO         1671    .text.USBD_ClrClassConfig  usbd_core.o
    0x080040c8   0x080040c8   0x00000010   Code   RO         1732    .text.USBD_CtlContinueRx  usbd_ioreq.o
    0x080040d8   0x080040d8   0x00000010   Code   RO         1728    .text.USBD_CtlContinueSendData  usbd_ioreq.o
    0x080040e8   0x080040e8   0x00000016   Code   RO         1736    .text.USBD_CtlReceiveStatus  usbd_ioreq.o
    0x080040fe   0x080040fe   0x00000002   PAD
    0x08004100   0x08004100   0x0000001a   Code   RO         1726    .text.USBD_CtlSendData  usbd_ioreq.o
    0x0800411a   0x0800411a   0x00000002   PAD
    0x0800411c   0x0800411c   0x00000016   Code   RO         1734    .text.USBD_CtlSendStatus  usbd_ioreq.o
    0x08004132   0x08004132   0x00000002   PAD
    0x08004134   0x08004134   0x00000022   Code   RO         1568    .text.USBD_LL_ClearStallEP  usbd_conf.o
    0x08004156   0x08004156   0x00000002   PAD
    0x08004158   0x08004158   0x000000a6   Code   RO         1677    .text.USBD_LL_DataInStage  usbd_core.o
    0x080041fe   0x080041fe   0x00000002   PAD
    0x08004200   0x08004200   0x00000064   Code   RO         1675    .text.USBD_LL_DataOutStage  usbd_core.o
    0x08004264   0x08004264   0x0000002a   Code   RO         1570    .text.USBD_LL_IsStallEP  usbd_conf.o
    0x0800428e   0x0800428e   0x00000002   PAD
    0x08004290   0x08004290   0x00000028   Code   RO         1560    .text.USBD_LL_OpenEP  usbd_conf.o
    0x080042b8   0x080042b8   0x00000022   Code   RO         1576    .text.USBD_LL_PrepareReceive  usbd_conf.o
    0x080042da   0x080042da   0x00000002   PAD
    0x080042dc   0x080042dc   0x00000062   Code   RO         1679    .text.USBD_LL_Reset  usbd_core.o
    0x0800433e   0x0800433e   0x00000002   PAD
    0x08004340   0x08004340   0x00000014   Code   RO         1685    .text.USBD_LL_Resume  usbd_core.o
    0x08004354   0x08004354   0x00000024   Code   RO         1687    .text.USBD_LL_SOF   usbd_core.o
    0x08004378   0x08004378   0x00000008   Code   RO         1681    .text.USBD_LL_SetSpeed  usbd_core.o
    0x08004380   0x08004380   0x00000022   Code   RO         1572    .text.USBD_LL_SetUSBAddress  usbd_conf.o
    0x080043a2   0x080043a2   0x00000002   PAD
    0x080043a4   0x080043a4   0x00000060   Code   RO         1673    .text.USBD_LL_SetupStage  usbd_core.o
    0x08004404   0x08004404   0x00000022   Code   RO         1566    .text.USBD_LL_StallEP  usbd_conf.o
    0x08004426   0x08004426   0x00000002   PAD
    0x08004428   0x08004428   0x00000014   Code   RO         1683    .text.USBD_LL_Suspend  usbd_core.o
    0x0800443c   0x0800443c   0x00000022   Code   RO         1574    .text.USBD_LL_Transmit  usbd_conf.o
    0x0800445e   0x0800445e   0x00000002   PAD
    0x08004460   0x08004460   0x00000016   Code   RO         1713    .text.USBD_ParseSetupRequest  usbd_ctlreq.o
    0x08004476   0x08004476   0x00000002   PAD
    0x08004478   0x08004478   0x00000010   Code   RO         1669    .text.USBD_SetClassConfig  usbd_core.o
    0x08004488   0x08004488   0x00000352   Code   RO         1705    .text.USBD_StdDevReq  usbd_ctlreq.o
    0x080047da   0x080047da   0x00000002   PAD
    0x080047dc   0x080047dc   0x00000134   Code   RO         1711    .text.USBD_StdEPReq  usbd_ctlreq.o
    0x08004910   0x08004910   0x00000060   Code   RO         1709    .text.USBD_StdItfReq  usbd_ctlreq.o
    0x08004970   0x08004970   0x00000256   Code   RO          273    .text.USB_ActivateEndpoint  stm32g4xx_ll_usb.o
    0x08004bc6   0x08004bc6   0x00000002   PAD
    0x08004bc8   0x08004bc8   0x0000007a   Code   RO          283    .text.USB_EPClearStall  stm32g4xx_ll_usb.o
    0x08004c42   0x08004c42   0x00000002   PAD
    0x08004c44   0x08004c44   0x00000032   Code   RO          281    .text.USB_EPSetStall  stm32g4xx_ll_usb.o
    0x08004c76   0x08004c76   0x00000002   PAD
    0x08004c78   0x08004c78   0x0000053a   Code   RO          277    .text.USB_EPStartXfer  stm32g4xx_ll_usb.o
    0x080051b2   0x080051b2   0x00000002   PAD
    0x080051b4   0x080051b4   0x0000000c   Code   RO          122    .text.USB_LP_IRQHandler  stm32g4xx_it.o
    0x080051c0   0x080051c0   0x00000006   Code   RO          295    .text.USB_ReadInterrupts  stm32g4xx_ll_usb.o
    0x080051c6   0x080051c6   0x00000002   PAD
    0x080051c8   0x080051c8   0x0000002a   Code   RO          301    .text.USB_ReadPMA   stm32g4xx_ll_usb.o
    0x080051f2   0x080051f2   0x00000002   PAD
    0x080051f4   0x080051f4   0x0000000e   Code   RO          289    .text.USB_SetDevAddress  stm32g4xx_ll_usb.o
    0x08005202   0x08005202   0x00000002   PAD
    0x08005204   0x08005204   0x00000022   Code   RO          279    .text.USB_WritePMA  stm32g4xx_ll_usb.o
    0x08005226   0x08005226   0x00000002   PAD
    0x08005228   0x08005228   0x00000054   Code   RO         1791    .text.Uart_Send_DMA  myuart.o
    0x0800527c   0x0800527c   0x00000002   Code   RO          106    .text.UsageFault_Handler  stm32g4xx_it.o
    0x0800527e   0x0800527e   0x00000002   PAD
    0x08005280   0x08005280   0x00000142   Code   RO         3012    .text.arm_cfft_f32  transformfunctions.o
    0x080053c2   0x080053c2   0x00000002   PAD
    0x080053c4   0x080053c4   0x0000019a   Code   RO         3006    .text.arm_cfft_radix8by2_f32  transformfunctions.o
    0x0800555e   0x0800555e   0x00000002   PAD
    0x08005560   0x08005560   0x000004e6   Code   RO         3010    .text.arm_cfft_radix8by4_f32  transformfunctions.o
    0x08005a46   0x08005a46   0x00000002   PAD
    0x08005a48   0x08005a48   0x00000032   Code   RO         2183    .text.arm_cmplx_mag_f32  complexmathfunctions.o
    0x08005a7a   0x08005a7a   0x00000002   PAD
    0x08005a7c   0x08005a7c   0x000000a0   Code   RO         2442    .text.arm_fir_f32   filteringfunctions.o
    0x08005b1c   0x08005b1c   0x0000006e   Code   RO         1830    .text.arm_fir_f32_lp  filter.o
    0x08005b8a   0x08005b8a   0x00000002   PAD
    0x08005b8c   0x08005b8c   0x00000020   Code   RO         2450    .text.arm_fir_init_f32  filteringfunctions.o
    0x08005bac   0x08005bac   0x00000564   Code   RO         3008    .text.arm_radix8_butterfly_f32  transformfunctions.o
    0x08006110   0x08006110   0x000001a8   Code   RO           11    .text.main          main.o
    0x080062b8   0x080062b8   0x00000034   Code   RO         3519    i.__0vsnprintf      mc_w.l(printfa.o)
    0x080062ec   0x080062ec   0x0000000e   Code   RO         3682    i.__scatterload_copy  mc_w.l(handlers.o)
    0x080062fa   0x080062fa   0x00000002   Code   RO         3683    i.__scatterload_null  mc_w.l(handlers.o)
    0x080062fc   0x080062fc   0x0000000e   Code   RO         3684    i.__scatterload_zeroinit  mc_w.l(handlers.o)
    0x0800630a   0x0800630a   0x00000002   PAD
    0x0800630c   0x0800630c   0x00000184   Code   RO         3521    i._fp_digits        mc_w.l(printfa.o)
    0x08006490   0x08006490   0x000006dc   Code   RO         3522    i._printf_core      mc_w.l(printfa.o)
    0x08006b6c   0x08006b6c   0x00000024   Code   RO         3523    i._printf_post_padding  mc_w.l(printfa.o)
    0x08006b90   0x08006b90   0x0000002e   Code   RO         3524    i._printf_pre_padding  mc_w.l(printfa.o)
    0x08006bbe   0x08006bbe   0x00000016   Code   RO         3525    i._snputc           mc_w.l(printfa.o)
    0x08006bd4   0x08006bd4   0x00000010   Data   RO         1516    .rodata.AHBPrescTable  system_stm32g4xx.o
    0x08006be4   0x08006be4   0x00000008   Data   RO         1517    .rodata.APBPrescTable  system_stm32g4xx.o
    0x08006bec   0x08006bec   0x00004000   Data   RO           22    .rodata.Sin_Noise   main.o
    0x0800abec   0x0800abec   0x00000018   Data   RO         1460    .rodata.UARTPrescTable  stm32g4xx_hal_uart.o
    0x0800ac04   0x0800ac04   0x00001f80   Data   RO         2033    .rodata.armBitRevIndexTable4096  commontables.o
    0x0800cb84   0x0800cb84   0x00000010   Data   RO         2113    .rodata.arm_cfft_sR_f32_len4096  commontables.o
    0x0800cb94   0x0800cb94   0x00000010   Data   RO         1461    .rodata.cst16       stm32g4xx_hal_uart.o
    0x0800cba4   0x0800cba4   0x00000010   Data   RO         1502    .rodata.cst8        stm32g4xx_hal_uart_ex.o
    0x0800cbb4   0x0800cbb4   0x00000194   Data   RO         1834    .rodata.firCoeffsF32LP  filter.o
    0x0800cd48   0x0800cd48   0x00008000   Data   RO         1997    .rodata.twiddleCoef_4096  commontables.o
    0x08014d48   0x08014d48   0x00000020   Data   RO         3681    Region$$Table       anon$$obj.o


    Execution Region RW_IRAM1 (Exec base: 0x20000000, Load base: 0x08014d68, Size: 0x000117c0, Max: 0x00020000, ABSOLUTE)

    Exec Addr    Load Addr    Size         Type   Attr      Idx    E Section Name        Object

    0x20000000   0x08014d68   0x00000004   Data   RW         1515    .data.SystemCoreClock  system_stm32g4xx.o
    0x20000004   0x08014d6c   0x00000004   Data   RW         1832    .data.blockSize     filter.o
    0x20000008   0x08014d70   0x00000004   Data   RW         1833    .data.numBlocks     filter.o
    0x2000000c   0x08014d74   0x000000c8   Data   RW           21    .data.uart1         main.o
    0x200000d4   0x08014e3c   0x00000004   Data   RW          388    .data.uwTickFreq    stm32g4xx_hal.o
    0x200000d8   0x08014e40   0x00000004   Data   RW          387    .data.uwTickPrio    stm32g4xx_hal.o
    0x200000dc   0x08014e44   0x00000004   PAD
    0x200000e0        -       0x00000001   Zero   RW         1810    .bss.Key_Read.KeyUp  key.o
    0x200000e1   0x08014e44   0x00000001   PAD
    0x200000e2        -       0x00000002   Zero   RW         1811    .bss.Key_Read.count  key.o
    0x200000e4        -       0x00000001   Zero   RW         1809    .bss.Key_Read.number  key.o
    0x200000e5        -       0x00000001   Zero   RW         1717    .bss.USBD_SetConfig.cfgidx  usbd_ctlreq.o
    0x200000e6   0x08014e44   0x00000002   PAD
    0x200000e8        -       0x00008000   Zero   RW         1821    .bss.fft_inputbuf   fft.o
    0x200080e8        -       0x00004000   Zero   RW         1822    .bss.fft_outputbuf  fft.o
    0x2000c0e8        -       0x000001a8   Zero   RW         1836    .bss.firStatef32    filter.o
    0x2000c290        -       0x00000060   Zero   RW           57    .bss.hdma_spi3_tx   spi.o
    0x2000c2f0        -       0x00000060   Zero   RW           88    .bss.hdma_usart1_rx  usart.o
    0x2000c350        -       0x00000060   Zero   RW           89    .bss.hdma_usart1_tx  usart.o
    0x2000c3b0        -       0x000002dc   Zero   RW         1588    .bss.hpcd_USB_FS    usbd_conf.o
    0x2000c68c        -       0x0000004c   Zero   RW          151    .bss.htim6          stm32g4xx_hal_timebase_tim.o
    0x2000c6d8        -       0x0000004c   Zero   RW           72    .bss.htim7          tim.o
    0x2000c724        -       0x00000094   Zero   RW           87    .bss.huart1         usart.o
    0x2000c7b8        -       0x00004000   Zero   RW         1835    .bss.testOutput     filter.o
    0x200107b8        -       0x00000004   Zero   RW          389    .bss.uwTick         stm32g4xx_hal.o
    0x200107bc   0x08014e44   0x00000004   PAD
    0x200107c0        -       0x00001000   Zero   RW            1    STACK               startup_stm32g474xx.o


==============================================================================

Image component sizes


      Code (inc. data)   RO Data    RW Data    ZI Data      Debug   Object Name

         0          0      40848          0          0      10586   commontables.o
        50          0          0          0          0      13531   complexmathfunctions.o
       102          0          0          0          0       4191   dma.o
       140          8          0          0      49152       1046   fft.o
       110          0        404          8      16808       1461   filter.o
       192          4          0          0          0     182186   filteringfunctions.o
       272          0          0          0          0       2571   gpio.o
       170          0          0          0          4       1540   key.o
       776        164      16384        200          0       9129   main.o
        84          0          0          0          0       5361   myuart.o
         0          0          0          0         96       5786   spi.o
        36          8        472          0       4096        852   startup_stm32g474xx.o
       142          0          0          8          4       9578   stm32g4xx_hal.o
       152          0          0          0          0      11147   stm32g4xx_hal_cortex.o
       908          0          0          0          0       8911   stm32g4xx_hal_dma.o
       438          0          0          0          0       5267   stm32g4xx_hal_gpio.o
        68          0          0          0          0       1832   stm32g4xx_hal_msp.o
      2740          0          0          0          0      15969   stm32g4xx_hal_pcd.o
       260          0          0          0          0       9298   stm32g4xx_hal_pwr_ex.o
      2222          0          0          0          0      10141   stm32g4xx_hal_rcc.o
       808          0          0          0          0      11043   stm32g4xx_hal_rcc_ex.o
      1078          0          0          0          0      62536   stm32g4xx_hal_tim.o
       236          0          0          0          0      30727   stm32g4xx_hal_tim_ex.o
       166          0          0          0         76       8545   stm32g4xx_hal_timebase_tim.o
      2944         46         40          0          0      35582   stm32g4xx_hal_uart.o
       352          0         16          0          0      10882   stm32g4xx_hal_uart_ex.o
       102          0          0          0          0       9322   stm32g4xx_it.o
      2204          4          0          0          0      16063   stm32g4xx_ll_usb.o
        18          0         24          4          0       2837   system_stm32g4xx.o
       152          0          0          0         76       8401   tim.o
      3366          4          0          0          0     143724   transformfunctions.o
       398          0          0          0        340       9378   usart.o
       510          0          0          0        732      19507   usbd_conf.o
       580          0          0          0          0       8683   usbd_core.o
      1276         32          0          0          1      10422   usbd_ctlreq.o
       102          0          0          0          0       4709   usbd_ioreq.o

    ----------------------------------------------------------------------
     23352        270      58220        220      71396     702744   Object Totals
         0          0         32          0          0          0   (incl. Generated)
       198          0          0          0         11          0   (incl. Padding)

    ----------------------------------------------------------------------

      Code (inc. data)   RO Data    RW Data    ZI Data      Debug   Library Member Name

         0          0          0          0          0          0   entry.o
         0          0          0          0          0          0   entry10a.o
         0          0          0          0          0          0   entry11a.o
         8          4          0          0          0          0   entry2.o
         4          0          0          0          0          0   entry5.o
         0          0          0          0          0          0   entry7b.o
         0          0          0          0          0          0   entry8b.o
         8          4          0          0          0          0   entry9a.o
        30          0          0          0          0          0   handlers.o
        48         10          0          0          0         68   init.o
         0          0          0          0          0          0   iusefp.o
        30          0          0          0          0         68   llshl.o
        36          0          0          0          0         68   llsshr.o
        32          0          0          0          0         68   llushr.o
        36          0          0          0          0        108   memseta.o
      2300         86          0          0          0        516   printfa.o
        44          0          0          0          0         80   uidiv.o
        98          0          0          0          0         92   uldiv.o
        48          0          0          0          0         68   cdrcmple.o
       334          0          0          0          0        148   dadd.o
       222          0          0          0          0        100   ddiv.o
       186          0          0          0          0        176   depilogue.o
        48          0          0          0          0         68   dfixul.o
       228          0          0          0          0         96   dmul.o
        38          0          0          0          0         68   f2d.o

    ----------------------------------------------------------------------
      3780        104          0          0          0       1792   Library Totals
         2          0          0          0          0          0   (incl. Padding)

    ----------------------------------------------------------------------

      Code (inc. data)   RO Data    RW Data    ZI Data      Debug   Library Name

      2674        104          0          0          0       1068   mc_w.l
      1104          0          0          0          0        724   mf_w.l

    ----------------------------------------------------------------------
      3780        104          0          0          0       1792   Library Totals

    ----------------------------------------------------------------------

==============================================================================


      Code (inc. data)   RO Data    RW Data    ZI Data      Debug   

     27132        374      58220        220      71396     703216   Grand Totals
     27132        374      58220        220      71396     703216   ELF Image Totals
     27132        374      58220        220          0          0   ROM Totals

==============================================================================

    Total RO  Size (Code + RO Data)                85352 (  83.35kB)
    Total RW  Size (RW Data + ZI Data)             71616 (  69.94kB)
    Total ROM Size (Code + RO Data + RW Data)      85572 (  83.57kB)

==============================================================================

